Component: Arm Compiler for Embedded 6.23 Tool: armlink [5f102400]

==============================================================================

Section Cross References

    startup_stm32c071xx.o(RESET) refers to startup_stm32c071xx.o(STACK) for __initial_sp
    startup_stm32c071xx.o(RESET) refers to startup_stm32c071xx.o(.text) for Reset_Handler
    startup_stm32c071xx.o(RESET) refers to stm32c0xx_it.o(.text.NMI_Handler) for NMI_Handler
    startup_stm32c071xx.o(RESET) refers to stm32c0xx_it.o(.text.HardFault_Handler) for HardFault_Handler
    startup_stm32c071xx.o(RESET) refers to stm32c0xx_it.o(.text.SVC_Handler) for SVC_Handler
    startup_stm32c071xx.o(RESET) refers to stm32c0xx_it.o(.text.PendSV_Handler) for PendSV_Handler
    startup_stm32c071xx.o(RESET) refers to stm32c0xx_it.o(.text.SysTick_Handler) for SysTick_Handler
    startup_stm32c071xx.o(RESET) refers to stm32c0xx_it.o(.text.USART1_IRQHandler) for USART1_IRQHandler
    startup_stm32c071xx.o(RESET) refers to stm32c0xx_it.o(.text.USART2_IRQHandler) for USART2_IRQHandler
    startup_stm32c071xx.o(.text) refers to system_stm32c0xx.o(.text.SystemInit) for SystemInit
    startup_stm32c071xx.o(.text) refers to entry.o(.ARM.Collect$$$$00000000) for __main
    ads1232_driver.o(.text.ADS1232_Init) refers to stm32c0xx_hal_gpio.o(.text.HAL_GPIO_WritePin) for HAL_GPIO_WritePin
    ads1232_driver.o(.text.ADS1232_Init) refers to stm32c0xx_hal.o(.text.HAL_Delay) for HAL_Delay
    ads1232_driver.o(.ARM.exidx.text.ADS1232_Init) refers to ads1232_driver.o(.text.ADS1232_Init) for [Anonymous Symbol]
    ads1232_driver.o(.text.ADS1232_Read) refers to stm32c0xx_hal.o(.text.HAL_GetTick) for HAL_GetTick
    ads1232_driver.o(.text.ADS1232_Read) refers to stm32c0xx_hal_gpio.o(.text.HAL_GPIO_ReadPin) for HAL_GPIO_ReadPin
    ads1232_driver.o(.text.ADS1232_Read) refers to stm32c0xx_hal_gpio.o(.text.HAL_GPIO_WritePin) for HAL_GPIO_WritePin
    ads1232_driver.o(.ARM.exidx.text.ADS1232_Read) refers to ads1232_driver.o(.text.ADS1232_Read) for [Anonymous Symbol]
    ads1232_driver.o(.text.ADS1232_Read_Median_of_3) refers to ads1232_driver.o(.text.ADS1232_Read) for ADS1232_Read
    ads1232_driver.o(.ARM.exidx.text.ADS1232_Read_Median_of_3) refers to ads1232_driver.o(.text.ADS1232_Read_Median_of_3) for [Anonymous Symbol]
    ads1232_driver.o(.text.ADS1232_Tare) refers to puts.o(i.puts) for puts
    ads1232_driver.o(.text.ADS1232_Tare) refers to ads1232_driver.o(.text.ADS1232_Read) for ADS1232_Read
    ads1232_driver.o(.text.ADS1232_Tare) refers to stm32c0xx_hal.o(.text.HAL_Delay) for HAL_Delay
    ads1232_driver.o(.text.ADS1232_Tare) refers to printfa.o(i.__0printf) for __2printf
    ads1232_driver.o(.text.ADS1232_Tare) refers to ldiv.o(.text) for __aeabi_ldivmod
    ads1232_driver.o(.text.ADS1232_Tare) refers to ads1232_driver.o(.data.cal_points) for cal_points
    ads1232_driver.o(.text.ADS1232_Tare) refers to ads1232_driver.o(.bss.adc_offset) for [Anonymous Symbol]
    ads1232_driver.o(.text.ADS1232_Tare) refers to ads1232_driver.o(.rodata.str1.1) for [Anonymous Symbol]
    ads1232_driver.o(.ARM.exidx.text.ADS1232_Tare) refers to ads1232_driver.o(.text.ADS1232_Tare) for [Anonymous Symbol]
    ads1232_driver.o(.text.ADS1232_ConvertToGrams) refers to fadd.o(.text) for __aeabi_fsub
    ads1232_driver.o(.text.ADS1232_ConvertToGrams) refers to fflti.o(.text) for __aeabi_i2f
    ads1232_driver.o(.text.ADS1232_ConvertToGrams) refers to fdiv.o(.text) for __aeabi_fdiv
    ads1232_driver.o(.text.ADS1232_ConvertToGrams) refers to fmul.o(.text) for __aeabi_fmul
    ads1232_driver.o(.text.ADS1232_ConvertToGrams) refers to ads1232_driver.o(.data.cal_points) for cal_points
    ads1232_driver.o(.ARM.exidx.text.ADS1232_ConvertToGrams) refers to ads1232_driver.o(.text.ADS1232_ConvertToGrams) for [Anonymous Symbol]
    ads1232_driver.o(.text.ADS1232_GetOffset) refers to ads1232_driver.o(.bss.adc_offset) for [Anonymous Symbol]
    ads1232_driver.o(.ARM.exidx.text.ADS1232_GetOffset) refers to ads1232_driver.o(.text.ADS1232_GetOffset) for [Anonymous Symbol]
    ads1232_driver.o(.text.ADS1232_SetOffset) refers to ads1232_driver.o(.data.cal_points) for cal_points
    ads1232_driver.o(.text.ADS1232_SetOffset) refers to ads1232_driver.o(.bss.adc_offset) for [Anonymous Symbol]
    ads1232_driver.o(.ARM.exidx.text.ADS1232_SetOffset) refers to ads1232_driver.o(.text.ADS1232_SetOffset) for [Anonymous Symbol]
    dwin_driver.o(.text.DWIN_Driver_Init) refers to stm32c0xx_hal_uart_ex.o(.text.HAL_UARTEx_ReceiveToIdle_IT) for HAL_UARTEx_ReceiveToIdle_IT
    dwin_driver.o(.text.DWIN_Driver_Init) refers to main.o(.text.Error_Handler) for Error_Handler
    dwin_driver.o(.text.DWIN_Driver_Init) refers to dwin_driver.o(.bss..L_MergedGlobals) for [Anonymous Symbol]
    dwin_driver.o(.ARM.exidx.text.DWIN_Driver_Init) refers to dwin_driver.o(.text.DWIN_Driver_Init) for [Anonymous Symbol]
    dwin_driver.o(.text.DWIN_Driver_Process) refers to memcpya.o(.text) for __aeabi_memcpy4
[...]
    Removing stm32c0xx_hal_pwr_ex.o(.text.HAL_PWREx_DisableFlashPowerDown), (16 bytes).
    Removing stm32c0xx_hal_pwr_ex.o(.ARM.exidx.text.HAL_PWREx_DisableFlashPowerDown), (8 bytes).
    Removing stm32c0xx_hal_pwr_ex.o(.text.HAL_PWREx_EnterSHUTDOWNMode), (36 bytes).
    Removing stm32c0xx_hal_pwr_ex.o(.ARM.exidx.text.HAL_PWREx_EnterSHUTDOWNMode), (8 bytes).
    Removing stm32c0xx_hal_pwr_ex.o(.text.HAL_PWREx_BKUPWrite), (12 bytes).
    Removing stm32c0xx_hal_pwr_ex.o(.ARM.exidx.text.HAL_PWREx_BKUPWrite), (8 bytes).
    Removing stm32c0xx_hal_pwr_ex.o(.text.HAL_PWREx_BKUPRead), (12 bytes).
    Removing stm32c0xx_hal_pwr_ex.o(.ARM.exidx.text.HAL_PWREx_BKUPRead), (8 bytes).
    Removing stm32c0xx_hal_exti.o(.text), (0 bytes).
    Removing stm32c0xx_hal_exti.o(.text.HAL_EXTI_SetConfigLine), (168 bytes).
    Removing stm32c0xx_hal_exti.o(.ARM.exidx.text.HAL_EXTI_SetConfigLine), (8 bytes).
    Removing stm32c0xx_hal_exti.o(.text.HAL_EXTI_GetConfigLine), (148 bytes).
    Removing stm32c0xx_hal_exti.o(.ARM.exidx.text.HAL_EXTI_GetConfigLine), (8 bytes).
    Removing stm32c0xx_hal_exti.o(.text.HAL_EXTI_ClearConfigLine), (112 bytes).
    Removing stm32c0xx_hal_exti.o(.ARM.exidx.text.HAL_EXTI_ClearConfigLine), (8 bytes).
    Removing stm32c0xx_hal_exti.o(.text.HAL_EXTI_RegisterCallback), (34 bytes).
    Removing stm32c0xx_hal_exti.o(.ARM.exidx.text.HAL_EXTI_RegisterCallback), (8 bytes).
    Removing stm32c0xx_hal_exti.o(.text.HAL_EXTI_GetHandle), (14 bytes).
    Removing stm32c0xx_hal_exti.o(.ARM.exidx.text.HAL_EXTI_GetHandle), (8 bytes).
    Removing stm32c0xx_hal_exti.o(.text.HAL_EXTI_IRQHandler), (68 bytes).
    Removing stm32c0xx_hal_exti.o(.ARM.exidx.text.HAL_EXTI_IRQHandler), (8 bytes).
    Removing stm32c0xx_hal_exti.o(.text.HAL_EXTI_GetPending), (36 bytes).
    Removing stm32c0xx_hal_exti.o(.ARM.exidx.text.HAL_EXTI_GetPending), (8 bytes).
    Removing stm32c0xx_hal_exti.o(.text.HAL_EXTI_ClearPending), (36 bytes).
    Removing stm32c0xx_hal_exti.o(.ARM.exidx.text.HAL_EXTI_ClearPending), (8 bytes).
    Removing stm32c0xx_hal_exti.o(.text.HAL_EXTI_GenerateSWI), (28 bytes).
    Removing stm32c0xx_hal_exti.o(.ARM.exidx.text.HAL_EXTI_GenerateSWI), (8 bytes).
    Removing stm32c0xx_hal_tim.o(.text), (0 bytes).
    Removing stm32c0xx_hal_tim_ex.o(.text), (0 bytes).
    Removing stm32c0xx_hal_uart.o(.text), (0 bytes).
    Removing stm32c0xx_hal_uart.o(.ARM.exidx.text.HAL_UART_Init), (8 bytes).
    Removing stm32c0xx_hal_uart.o(.text.HAL_UART_MspInit), (2 bytes).
    Removing stm32c0xx_hal_uart.o(.ARM.exidx.text.HAL_UART_MspInit), (8 bytes).
    Removing stm32c0xx_hal_uart.o(.ARM.exidx.text.UART_AdvFeatureConfig), (8 bytes).
    Removing stm32c0xx_hal_uart.o(.ARM.exidx.text.UART_SetConfig), (8 bytes).
    Removing stm32c0xx_hal_uart.o(.ARM.exidx.text.UART_CheckIdleState), (8 bytes).
    Removing stm32c0xx_hal_uart.o(.text.HAL_HalfDuplex_Init), (120 bytes).
    Removing stm32c0xx_hal_uart.o(.ARM.exidx.text.HAL_HalfDuplex_Init), (8 bytes).
    Removing stm32c0xx_hal_uart.o(.text.HAL_LIN_Init), (148 bytes).
    Removing stm32c0xx_hal_uart.o(.ARM.exidx.text.HAL_LIN_Init), (8 bytes).
    Removing stm32c0xx_hal_uart.o(.text.HAL_MultiProcessor_Init), (154 bytes).
    Removing stm32c0xx_hal_uart.o(.ARM.exidx.text.HAL_MultiProcessor_Init), (8 bytes).
    Removing stm32c0xx_hal_uart.o(.text.HAL_UART_DeInit), (58 bytes).
    Removing stm32c0xx_hal_uart.o(.ARM.exidx.text.HAL_UART_DeInit), (8 bytes).
    Removing stm32c0xx_hal_uart.o(.text.HAL_UART_MspDeInit), (2 bytes).
    Removing stm32c0xx_hal_uart.o(.ARM.exidx.text.HAL_UART_MspDeInit), (8 bytes).
    Removing stm32c0xx_hal_uart.o(.ARM.exidx.text.HAL_UART_Transmit), (8 bytes).
    Removing stm32c0xx_hal_uart.o(.ARM.exidx.text.UART_WaitOnFlagUntilTimeout), (8 bytes).
    Removing stm32c0xx_hal_uart.o(.text.HAL_UART_Receive), (284 bytes).
    Removing stm32c0xx_hal_uart.o(.ARM.exidx.text.HAL_UART_Receive), (8 bytes).
    Removing stm32c0xx_hal_uart.o(.text.HAL_UART_Transmit_IT), (200 bytes).
    Removing stm32c0xx_hal_uart.o(.ARM.exidx.text.HAL_UART_Transmit_IT), (8 bytes).
    Removing stm32c0xx_hal_uart.o(.text.UART_TxISR_16BIT_FIFOEN), (120 bytes).
    Removing stm32c0xx_hal_uart.o(.ARM.exidx.text.UART_TxISR_16BIT_FIFOEN), (8 bytes).
    Removing stm32c0xx_hal_uart.o(.text.UART_TxISR_8BIT_FIFOEN), (108 bytes).
    Removing stm32c0xx_hal_uart.o(.ARM.exidx.text.UART_TxISR_8BIT_FIFOEN), (8 bytes).
    Removing stm32c0xx_hal_uart.o(.text.UART_TxISR_16BIT), (96 bytes).
    Removing stm32c0xx_hal_uart.o(.ARM.exidx.text.UART_TxISR_16BIT), (8 bytes).
    Removing stm32c0xx_hal_uart.o(.text.UART_TxISR_8BIT), (88 bytes).
    Removing stm32c0xx_hal_uart.o(.ARM.exidx.text.UART_TxISR_8BIT), (8 bytes).
    Removing stm32c0xx_hal_uart.o(.text.HAL_UART_Receive_IT), (102 bytes).
    Removing stm32c0xx_hal_uart.o(.ARM.exidx.text.HAL_UART_Receive_IT), (8 bytes).
    Removing stm32c0xx_hal_uart.o(.text.UART_Start_Receive_IT), (316 bytes).
    Removing stm32c0xx_hal_uart.o(.ARM.exidx.text.UART_Start_Receive_IT), (8 bytes).
    Removing stm32c0xx_hal_uart.o(.text.HAL_UART_Transmit_DMA), (188 bytes).
    Removing stm32c0xx_hal_uart.o(.ARM.exidx.text.HAL_UART_Transmit_DMA), (8 bytes).
    Removing stm32c0xx_hal_uart.o(.text.UART_DMATransmitCplt), (74 bytes).
    Removing stm32c0xx_hal_uart.o(.ARM.exidx.text.UART_DMATransmitCplt), (8 bytes).
    Removing stm32c0xx_hal_uart.o(.text.UART_DMATxHalfCplt), (10 bytes).
    Removing stm32c0xx_hal_uart.o(.ARM.exidx.text.UART_DMATxHalfCplt), (8 bytes).
    Removing stm32c0xx_hal_uart.o(.text.UART_DMAError), (216 bytes).
    Removing stm32c0xx_hal_uart.o(.ARM.exidx.text.UART_DMAError), (8 bytes).
    Removing stm32c0xx_hal_uart.o(.text.HAL_UART_Receive_DMA), (276 bytes).
    Removing stm32c0xx_hal_uart.o(.ARM.exidx.text.HAL_UART_Receive_DMA), (8 bytes).
    Removing stm32c0xx_hal_uart.o(.text.UART_Start_Receive_DMA), (172 bytes).
    Removing stm32c0xx_hal_uart.o(.ARM.exidx.text.UART_Start_Receive_DMA), (8 bytes).
    Removing stm32c0xx_hal_uart.o(.text.HAL_UART_DMAPause), (130 bytes).
    Removing stm32c0xx_hal_uart.o(.ARM.exidx.text.HAL_UART_DMAPause), (8 bytes).
    Removing stm32c0xx_hal_uart.o(.text.HAL_UART_DMAResume), (138 bytes).
    Removing stm32c0xx_hal_uart.o(.ARM.exidx.text.HAL_UART_DMAResume), (8 bytes).
    Removing stm32c0xx_hal_uart.o(.text.HAL_UART_DMAStop), (288 bytes).
    Removing stm32c0xx_hal_uart.o(.ARM.exidx.text.HAL_UART_DMAStop), (8 bytes).
    Removing stm32c0xx_hal_uart.o(.text.HAL_UART_Abort), (272 bytes).
    Removing stm32c0xx_hal_uart.o(.ARM.exidx.text.HAL_UART_Abort), (8 bytes).
    Removing stm32c0xx_hal_uart.o(.text.HAL_UART_AbortTransmit), (150 bytes).
    Removing stm32c0xx_hal_uart.o(.ARM.exidx.text.HAL_UART_AbortTransmit), (8 bytes).
    Removing stm32c0xx_hal_uart.o(.text.HAL_UART_AbortReceive), (184 bytes).
    Removing stm32c0xx_hal_uart.o(.ARM.exidx.text.HAL_UART_AbortReceive), (8 bytes).
    Removing stm32c0xx_hal_uart.o(.text.HAL_UART_Abort_IT), (324 bytes).
    Removing stm32c0xx_hal_uart.o(.ARM.exidx.text.HAL_UART_Abort_IT), (8 bytes).
    Removing stm32c0xx_hal_uart.o(.text.UART_DMATxAbortCallback), (78 bytes).
    Removing stm32c0xx_hal_uart.o(.ARM.exidx.text.UART_DMATxAbortCallback), (8 bytes).
    Removing stm32c0xx_hal_uart.o(.text.UART_DMARxAbortCallback), (68 bytes).
    Removing stm32c0xx_hal_uart.o(.ARM.exidx.text.UART_DMARxAbortCallback), (8 bytes).
    Removing stm32c0xx_hal_uart.o(.text.HAL_UART_AbortCpltCallback), (2 bytes).
    Removing stm32c0xx_hal_uart.o(.ARM.exidx.text.HAL_UART_AbortCpltCallback), (8 bytes).
    Removing stm32c0xx_hal_uart.o(.text.HAL_UART_AbortTransmit_IT), (164 bytes).
    Removing stm32c0xx_hal_uart.o(.ARM.exidx.text.HAL_UART_AbortTransmit_IT), (8 bytes).
    Removing stm32c0xx_hal_uart.o(.text.UART_DMATxOnlyAbortCallback), (44 bytes).
    Removing stm32c0xx_hal_uart.o(.ARM.exidx.text.UART_DMATxOnlyAbortCallback), (8 bytes).
    Removing stm32c0xx_hal_uart.o(.text.HAL_UART_AbortTransmitCpltCallback), (2 bytes).
    Removing stm32c0xx_hal_uart.o(.ARM.exidx.text.HAL_UART_AbortTransmitCpltCallback), (8 bytes).
    Removing stm32c0xx_hal_uart.o(.text.HAL_UART_AbortReceive_IT), (200 bytes).
    Removing stm32c0xx_hal_uart.o(.ARM.exidx.text.HAL_UART_AbortReceive_IT), (8 bytes).
    Removing stm32c0xx_hal_uart.o(.text.UART_DMARxOnlyAbortCallback), (38 bytes).
    Removing stm32c0xx_hal_uart.o(.ARM.exidx.text.UART_DMARxOnlyAbortCallback), (8 bytes).
    Removing stm32c0xx_hal_uart.o(.text.HAL_UART_AbortReceiveCpltCallback), (2 bytes).
    Removing stm32c0xx_hal_uart.o(.ARM.exidx.text.HAL_UART_AbortReceiveCpltCallback), (8 bytes).
    Removing stm32c0xx_hal_uart.o(.ARM.exidx.text.HAL_UART_IRQHandler), (8 bytes).
    Removing stm32c0xx_hal_uart.o(.ARM.exidx.text.UART_DMAAbortOnError), (8 bytes).
    Removing stm32c0xx_hal_uart.o(.ARM.exidx.text.HAL_UART_ErrorCallback), (8 bytes).
    Removing stm32c0xx_hal_uart.o(.ARM.exidx.text.HAL_UARTEx_RxEventCallback), (8 bytes).
    Removing stm32c0xx_hal_uart.o(.ARM.exidx.text.HAL_UART_TxCpltCallback), (8 bytes).
    Removing stm32c0xx_hal_uart.o(.text.HAL_UART_TxHalfCpltCallback), (2 bytes).
    Removing stm32c0xx_hal_uart.o(.ARM.exidx.text.HAL_UART_TxHalfCpltCallback), (8 bytes).
    Removing stm32c0xx_hal_uart.o(.text.HAL_UART_RxCpltCallback), (2 bytes).
    Removing stm32c0xx_hal_uart.o(.ARM.exidx.text.HAL_UART_RxCpltCallback), (8 bytes).
    Removing stm32c0xx_hal_uart.o(.text.HAL_UART_RxHalfCpltCallback), (2 bytes).
    Removing stm32c0xx_hal_uart.o(.ARM.exidx.text.HAL_UART_RxHalfCpltCallback), (8 bytes).
    Removing stm32c0xx_hal_uart.o(.text.HAL_UART_ReceiverTimeout_Config), (16 bytes).
    Removing stm32c0xx_hal_uart.o(.ARM.exidx.text.HAL_UART_ReceiverTimeout_Config), (8 bytes).
    Removing stm32c0xx_hal_uart.o(.text.HAL_UART_EnableReceiverTimeout), (46 bytes).
    Removing stm32c0xx_hal_uart.o(.ARM.exidx.text.HAL_UART_EnableReceiverTimeout), (8 bytes).
    Removing stm32c0xx_hal_uart.o(.text.HAL_UART_DisableReceiverTimeout), (46 bytes).
    Removing stm32c0xx_hal_uart.o(.ARM.exidx.text.HAL_UART_DisableReceiverTimeout), (8 bytes).
    Removing stm32c0xx_hal_uart.o(.text.HAL_MultiProcessor_EnableMuteMode), (58 bytes).
    Removing stm32c0xx_hal_uart.o(.ARM.exidx.text.HAL_MultiProcessor_EnableMuteMode), (8 bytes).
    Removing stm32c0xx_hal_uart.o(.text.HAL_MultiProcessor_DisableMuteMode), (58 bytes).
    Removing stm32c0xx_hal_uart.o(.ARM.exidx.text.HAL_MultiProcessor_DisableMuteMode), (8 bytes).
    Removing stm32c0xx_hal_uart.o(.text.HAL_MultiProcessor_EnterMuteMode), (12 bytes).
    Removing stm32c0xx_hal_uart.o(.ARM.exidx.text.HAL_MultiProcessor_EnterMuteMode), (8 bytes).
    Removing stm32c0xx_hal_uart.o(.text.HAL_HalfDuplex_EnableTransmitter), (80 bytes).
    Removing stm32c0xx_hal_uart.o(.ARM.exidx.text.HAL_HalfDuplex_EnableTransmitter), (8 bytes).
    Removing stm32c0xx_hal_uart.o(.text.HAL_HalfDuplex_EnableReceiver), (80 bytes).
    Removing stm32c0xx_hal_uart.o(.ARM.exidx.text.HAL_HalfDuplex_EnableReceiver), (8 bytes).
    Removing stm32c0xx_hal_uart.o(.text.HAL_LIN_SendBreak), (40 bytes).
    Removing stm32c0xx_hal_uart.o(.ARM.exidx.text.HAL_LIN_SendBreak), (8 bytes).
    Removing stm32c0xx_hal_uart.o(.text.HAL_UART_GetState), (12 bytes).
    Removing stm32c0xx_hal_uart.o(.ARM.exidx.text.HAL_UART_GetState), (8 bytes).
    Removing stm32c0xx_hal_uart.o(.text.HAL_UART_GetError), (6 bytes).
    Removing stm32c0xx_hal_uart.o(.ARM.exidx.text.HAL_UART_GetError), (8 bytes).
    Removing stm32c0xx_hal_uart.o(.text.UART_RxISR_16BIT_FIFOEN), (664 bytes).
    Removing stm32c0xx_hal_uart.o(.ARM.exidx.text.UART_RxISR_16BIT_FIFOEN), (8 bytes).
    Removing stm32c0xx_hal_uart.o(.text.UART_RxISR_8BIT_FIFOEN), (472 bytes).
    Removing stm32c0xx_hal_uart.o(.ARM.exidx.text.UART_RxISR_8BIT_FIFOEN), (8 bytes).
    Removing stm32c0xx_hal_uart.o(.text.UART_RxISR_16BIT), (208 bytes).
    Removing stm32c0xx_hal_uart.o(.ARM.exidx.text.UART_RxISR_16BIT), (8 bytes).
    Removing stm32c0xx_hal_uart.o(.text.UART_RxISR_8BIT), (210 bytes).
    Removing stm32c0xx_hal_uart.o(.ARM.exidx.text.UART_RxISR_8BIT), (8 bytes).
    Removing stm32c0xx_hal_uart.o(.text.UART_DMAReceiveCplt), (182 bytes).
    Removing stm32c0xx_hal_uart.o(.ARM.exidx.text.UART_DMAReceiveCplt), (8 bytes).
    Removing stm32c0xx_hal_uart.o(.text.UART_DMARxHalfCplt), (56 bytes).
    Removing stm32c0xx_hal_uart.o(.ARM.exidx.text.UART_DMARxHalfCplt), (8 bytes).
    Removing stm32c0xx_hal_uart_ex.o(.text), (0 bytes).
    Removing stm32c0xx_hal_uart_ex.o(.text.HAL_RS485Ex_Init), (144 bytes).
    Removing stm32c0xx_hal_uart_ex.o(.ARM.exidx.text.HAL_RS485Ex_Init), (8 bytes).
    Removing stm32c0xx_hal_uart_ex.o(.ARM.exidx.text.HAL_UARTEx_WakeupCallback), (8 bytes).
    Removing stm32c0xx_hal_uart_ex.o(.ARM.exidx.text.HAL_UARTEx_RxFifoFullCallback), (8 bytes).
    Removing stm32c0xx_hal_uart_ex.o(.ARM.exidx.text.HAL_UARTEx_TxFifoEmptyCallback), (8 bytes).
    Removing stm32c0xx_hal_uart_ex.o(.text.HAL_MultiProcessorEx_AddressLength_Set), (48 bytes).
    Removing stm32c0xx_hal_uart_ex.o(.ARM.exidx.text.HAL_MultiProcessorEx_AddressLength_Set), (8 bytes).
    Removing stm32c0xx_hal_uart_ex.o(.text.HAL_UARTEx_StopModeWakeUpSourceConfig), (144 bytes).
    Removing stm32c0xx_hal_uart_ex.o(.ARM.exidx.text.HAL_UARTEx_StopModeWakeUpSourceConfig), (8 bytes).
    Removing stm32c0xx_hal_uart_ex.o(.text.HAL_UARTEx_EnableStopMode), (50 bytes).
    Removing stm32c0xx_hal_uart_ex.o(.ARM.exidx.text.HAL_UARTEx_EnableStopMode), (8 bytes).
    Removing stm32c0xx_hal_uart_ex.o(.text.HAL_UARTEx_DisableStopMode), (50 bytes).
    Removing stm32c0xx_hal_uart_ex.o(.ARM.exidx.text.HAL_UARTEx_DisableStopMode), (8 bytes).
    Removing stm32c0xx_hal_uart_ex.o(.text.HAL_UARTEx_EnableFifoMode), (112 bytes).
    Removing stm32c0xx_hal_uart_ex.o(.ARM.exidx.text.HAL_UARTEx_EnableFifoMode), (8 bytes).
    Removing stm32c0xx_hal_uart_ex.o(.ARM.exidx.text.HAL_UARTEx_DisableFifoMode), (8 bytes).
    Removing stm32c0xx_hal_uart_ex.o(.ARM.exidx.text.HAL_UARTEx_SetTxFifoThreshold), (8 bytes).
    Removing stm32c0xx_hal_uart_ex.o(.ARM.exidx.text.HAL_UARTEx_SetRxFifoThreshold), (8 bytes).
    Removing stm32c0xx_hal_uart_ex.o(.text.HAL_UARTEx_ReceiveToIdle), (480 bytes).
    Removing stm32c0xx_hal_uart_ex.o(.ARM.exidx.text.HAL_UARTEx_ReceiveToIdle), (8 bytes).
    Removing stm32c0xx_hal_uart_ex.o(.text.HAL_UARTEx_ReceiveToIdle_IT), (104 bytes).
    Removing stm32c0xx_hal_uart_ex.o(.ARM.exidx.text.HAL_UARTEx_ReceiveToIdle_IT), (8 bytes).
    Removing stm32c0xx_hal_uart_ex.o(.text.HAL_UARTEx_ReceiveToIdle_DMA), (112 bytes).
    Removing stm32c0xx_hal_uart_ex.o(.ARM.exidx.text.HAL_UARTEx_ReceiveToIdle_DMA), (8 bytes).
    Removing stm32c0xx_hal_uart_ex.o(.text.HAL_UARTEx_GetRxEventType), (4 bytes).
    Removing stm32c0xx_hal_uart_ex.o(.ARM.exidx.text.HAL_UARTEx_GetRxEventType), (8 bytes).
    Removing system_stm32c0xx.o(.text), (0 bytes).
    Removing system_stm32c0xx.o(.ARM.exidx.text.SystemInit), (8 bytes).
    Removing system_stm32c0xx.o(.text.SystemCoreClockUpdate), (116 bytes).
    Removing system_stm32c0xx.o(.ARM.exidx.text.SystemCoreClockUpdate), (8 bytes).

553 unused section(s) (total 22769 bytes) removed from the image.

==============================================================================

Image Symbol Table

    Local Symbols

    Symbol Name                              Value     Ov Type        Size  Object(Section)

    ../clib/division.s                       0x00000000   Number         0  aeabi_sdivfast.o ABSOLUTE
    ../clib/division.s                       0x00000000   Number         0  aeabi_sdivfast_div0.o ABSOLUTE
    ../clib/longlong.c                       0x00000000   Number         0  llmul.o ABSOLUTE
    ../clib/microlib/ctype/ctype.c           0x00000000   Number         0  ctype_o.o ABSOLUTE
    ../clib/microlib/ctype/ctype.c           0x00000000   Number         0  isalnum_o.o ABSOLUTE
    ../clib/microlib/ctype/ctype.c           0x00000000   Number         0  isalpha_o.o ABSOLUTE
    ../clib/microlib/ctype/ctype.c           0x00000000   Number         0  isblank_o.o ABSOLUTE
    ../clib/microlib/ctype/ctype.c           0x00000000   Number         0  iscntrl_o.o ABSOLUTE
    ../clib/microlib/ctype/ctype.c           0x00000000   Number         0  isdigit_o.o ABSOLUTE
    ../clib/microlib/ctype/ctype.c           0x00000000   Number         0  isgraph_o.o ABSOLUTE
    ../clib/microlib/ctype/ctype.c           0x00000000   Number         0  islower_o.o ABSOLUTE
    ../clib/microlib/ctype/ctype.c           0x00000000   Number         0  isprint_o.o ABSOLUTE
    ../clib/microlib/ctype/ctype.c           0x00000000   Number         0  ispunct_o.o ABSOLUTE
    ../clib/microlib/ctype/ctype.c           0x00000000   Number         0  isspace_o.o ABSOLUTE
    ../clib/microlib/ctype/ctype.c           0x00000000   Number         0  isupper_o.o ABSOLUTE
    ../clib/microlib/ctype/ctype.c           0x00000000   Number         0  isxdigit_o.o ABSOLUTE
    ../clib/microlib/ctype/tolower.c         0x00000000   Number         0  tolower.o ABSOLUTE
    ../clib/microlib/ctype/toupper.c         0x00000000   Number         0  toupper.o ABSOLUTE
    ../clib/microlib/division.c              0x00000000   Number         0  uidiv.o ABSOLUTE
    ../clib/microlib/division.c              0x00000000   Number         0  ldiv.o ABSOLUTE
    ../clib/microlib/division.c              0x00000000   Number         0  uidiv_div0.o ABSOLUTE
    ../clib/microlib/division.c              0x00000000   Number         0  idiv_div0.o ABSOLUTE
    ../clib/microlib/division.c              0x00000000   Number         0  idiv0.o ABSOLUTE
    ../clib/microlib/division.c              0x00000000   Number         0  uldiv.o ABSOLUTE
    ../clib/microlib/errno.c                 0x00000000   Number         0  errno.o ABSOLUTE
    ../clib/microlib/init/entry.s            0x00000000   Number         0  entry.o ABSOLUTE
    ../clib/microlib/init/entry.s            0x00000000   Number         0  entry2.o ABSOLUTE
    ../clib/microlib/init/entry.s            0x00000000   Number         0  entry5.o ABSOLUTE
    ../clib/microlib/init/entry.s            0x00000000   Number         0  entry7a.o ABSOLUTE
    ../clib/microlib/init/entry.s            0x00000000   Number         0  entry7b.o ABSOLUTE
    ../clib/microlib/init/entry.s            0x00000000   Number         0  entry8a.o ABSOLUTE
    ../clib/microlib/init/entry.s            0x00000000   Number         0  entry8b.o ABSOLUTE
    ../clib/microlib/init/entry.s            0x00000000   Number         0  entry9a.o ABSOLUTE
    ../clib/microlib/init/entry.s            0x00000000   Number         0  entry9b.o ABSOLUTE
    ../clib/microlib/init/entry.s            0x00000000   Number         0  entry10a.o ABSOLUTE
    ../clib/microlib/init/entry.s            0x00000000   Number         0  entry10b.o ABSOLUTE
    ../clib/microlib/init/entry.s            0x00000000   Number         0  entry11a.o ABSOLUTE
    ../clib/microlib/init/entry.s            0x00000000   Number         0  entry11b.o ABSOLUTE
    ../clib/microlib/longlong.c              0x00000000   Number         0  llshl.o ABSOLUTE
    ../clib/microlib/longlong.c              0x00000000   Number         0  llushr.o ABSOLUTE
    ../clib/microlib/longlong.c              0x00000000   Number         0  llsshr.o ABSOLUTE
    ../clib/microlib/printf/printf.c         0x00000000   Number         0  printfb.o ABSOLUTE
    ../clib/microlib/printf/printf.c         0x00000000   Number         0  printf0.o ABSOLUTE
    ../clib/microlib/printf/printf.c         0x00000000   Number         0  printf1.o ABSOLUTE
    ../clib/microlib/printf/printf.c         0x00000000   Number         0  printf2.o ABSOLUTE
    ../clib/microlib/printf/printf.c         0x00000000   Number         0  printf3.o ABSOLUTE
    ../clib/microlib/printf/printf.c         0x00000000   Number         0  printf4.o ABSOLUTE
    ../clib/microlib/printf/printf.c         0x00000000   Number         0  printf5.o ABSOLUTE
    ../clib/microlib/printf/printf.c         0x00000000   Number         0  printf6.o ABSOLUTE
    ../clib/microlib/printf/printf.c         0x00000000   Number         0  printf7.o ABSOLUTE
    ../clib/microlib/printf/printf.c         0x00000000   Number         0  printf8.o ABSOLUTE
    ../clib/microlib/printf/printf.c         0x00000000   Number         0  printfa.o ABSOLUTE
    ../clib/microlib/printf/stubs.s          0x00000000   Number         0  printfstubs.o ABSOLUTE
    ../clib/microlib/stdio/puts.c            0x00000000   Number         0  puts.o ABSOLUTE
    ../clib/microlib/stdio/puts.c            0x00000000   Number         0  puts_e.o ABSOLUTE
    ../clib/microlib/stdio/streams.c         0x00000000   Number         0  stdout.o ABSOLUTE
    ../clib/microlib/string/memcpy.c         0x00000000   Number         0  memcpya.o ABSOLUTE
    ../clib/microlib/string/memcpy.c         0x00000000   Number         0  memcpyb.o ABSOLUTE
    ../clib/microlib/string/memset.c         0x00000000   Number         0  memseta.o ABSOLUTE
    ../clib/microlib/string/strcasecmp.c     0x00000000   Number         0  strcasecmp.o ABSOLUTE
    ../clib/microlib/string/strchr.c         0x00000000   Number         0  strchr.o ABSOLUTE
    ../clib/microlib/stubs.s                 0x00000000   Number         0  iusefp.o ABSOLUTE
    ../clib/scanf.c                          0x00000000   Number         0  strtol.o ABSOLUTE
    ../clib/scanf.c                          0x00000000   Number         0  atoi.o ABSOLUTE
    ../clib/scanf.c                          0x00000000   Number         0  atol.o ABSOLUTE
    ../clib/scanf.c                          0x00000000   Number         0  _strtoul.o ABSOLUTE
    ../clib/scanf.c                          0x00000000   Number         0  _chval.o ABSOLUTE
    ../fplib/microlib/f2d.c                  0x00000000   Number         0  f2d.o ABSOLUTE
    ../fplib/microlib/fpadd.c                0x00000000   Number         0  fadd.o ABSOLUTE
    ../fplib/microlib/fpadd.c                0x00000000   Number         0  dadd.o ABSOLUTE
    ../fplib/microlib/fpcmp.c                0x00000000   Number         0  fcmple.o ABSOLUTE
    ../fplib/microlib/fpcmp.c                0x00000000   Number         0  fcmpge.o ABSOLUTE
    ../fplib/microlib/fpcmp.c                0x00000000   Number         0  fcmpeq.o ABSOLUTE
    ../fplib/microlib/fpdiv.c                0x00000000   Number         0  fdiv.o ABSOLUTE
    ../fplib/microlib/fpdiv.c                0x00000000   Number         0  ddiv.o ABSOLUTE
    ../fplib/microlib/fpepilogue.c           0x00000000   Number         0  fepilogue.o ABSOLUTE
    ../fplib/microlib/fpepilogue.c           0x00000000   Number         0  depilogue.o ABSOLUTE
    ../fplib/microlib/fpfix.c                0x00000000   Number         0  ffixi.o ABSOLUTE
    ../fplib/microlib/fpfix.c                0x00000000   Number         0  dfixul.o ABSOLUTE
    ../fplib/microlib/fpflt.c                0x00000000   Number         0  fflti.o ABSOLUTE
    ../fplib/microlib/fpflt.c                0x00000000   Number         0  ffltl.o ABSOLUTE
    ../fplib/microlib/fpmul.c                0x00000000   Number         0  fmul.o ABSOLUTE
    ../fplib/microlib/fpmul.c                0x00000000   Number         0  dmul.o ABSOLUTE
    ../fplib/microlib/fpsqrt.c               0x00000000   Number         0  fsqrt.o ABSOLUTE
    ../mathlib/sqrtf.c                       0x00000000   Number         0  sqrtf.o ABSOLUTE
    ads1232_driver.c                         0x00000000   Number         0  ads1232_driver.o ABSOLUTE
    cdrcmple.s                               0x00000000   Number         0  cdrcmple.o ABSOLUTE
    cli_driver.c                             0x00000000   Number         0  cli_driver.o ABSOLUTE
    dc.s                                     0x00000000   Number         0  dc.o ABSOLUTE
    dwin_driver.c                            0x00000000   Number         0  dwin_driver.o ABSOLUTE
    gpio.c                                   0x00000000   Number         0  gpio.o ABSOLUTE
    handlers.s                               0x00000000   Number         0  handlers.o ABSOLUTE
    init.s                                   0x00000000   Number         0  init.o ABSOLUTE
    main.c                                   0x00000000   Number         0  main.o ABSOLUTE
    startup_stm32c071xx.s                    0x00000000   Number         0  startup_stm32c071xx.o ABSOLUTE
    stm32c0xx_hal.c                          0x00000000   Number         0  stm32c0xx_hal.o ABSOLUTE
    stm32c0xx_hal_cortex.c                   0x00000000   Number         0  stm32c0xx_hal_cortex.o ABSOLUTE
    stm32c0xx_hal_dma.c                      0x00000000   Number         0  stm32c0xx_hal_dma.o ABSOLUTE
    stm32c0xx_hal_dma_ex.c                   0x00000000   Number         0  stm32c0xx_hal_dma_ex.o ABSOLUTE
    stm32c0xx_hal_exti.c                     0x00000000   Number         0  stm32c0xx_hal_exti.o ABSOLUTE
    stm32c0xx_hal_flash.c                    0x00000000   Number         0  stm32c0xx_hal_flash.o ABSOLUTE
    stm32c0xx_hal_flash_ex.c                 0x00000000   Number         0  stm32c0xx_hal_flash_ex.o ABSOLUTE
    stm32c0xx_hal_gpio.c                     0x00000000   Number         0  stm32c0xx_hal_gpio.o ABSOLUTE
    stm32c0xx_hal_msp.c                      0x00000000   Number         0  stm32c0xx_hal_msp.o ABSOLUTE
    stm32c0xx_hal_pwr.c                      0x00000000   Number         0  stm32c0xx_hal_pwr.o ABSOLUTE
    stm32c0xx_hal_pwr_ex.c                   0x00000000   Number         0  stm32c0xx_hal_pwr_ex.o ABSOLUTE
    stm32c0xx_hal_rcc.c                      0x00000000   Number         0  stm32c0xx_hal_rcc.o ABSOLUTE
    stm32c0xx_hal_rcc_ex.c                   0x00000000   Number         0  stm32c0xx_hal_rcc_ex.o ABSOLUTE
    stm32c0xx_hal_tim.c                      0x00000000   Number         0  stm32c0xx_hal_tim.o ABSOLUTE
    stm32c0xx_hal_tim_ex.c                   0x00000000   Number         0  stm32c0xx_hal_tim_ex.o ABSOLUTE
    stm32c0xx_hal_uart.c                     0x00000000   Number         0  stm32c0xx_hal_uart.o ABSOLUTE
    stm32c0xx_hal_uart_ex.c                  0x00000000   Number         0  stm32c0xx_hal_uart_ex.o ABSOLUTE
    stm32c0xx_it.c                           0x00000000   Number         0  stm32c0xx_it.o ABSOLUTE
    system_stm32c0xx.c                       0x00000000   Number         0  system_stm32c0xx.o ABSOLUTE
    usart.c                                  0x00000000   Number         0  usart.o ABSOLUTE
    RESET                                    0x08000000   Section      192  startup_stm32c071xx.o(RESET)
    .ARM.Collect$$$$00000000                 0x080000c0   Section        0  entry.o(.ARM.Collect$$$$00000000)
    .ARM.Collect$$$$00000001                 0x080000c0   Section        4  entry2.o(.ARM.Collect$$$$00000001)
    .ARM.Collect$$$$00000004                 0x080000c4   Section        4  entry5.o(.ARM.Collect$$$$00000004)
    .ARM.Collect$$$$00000008                 0x080000c8   Section        0  entry7b.o(.ARM.Collect$$$$00000008)
    .ARM.Collect$$$$0000000A                 0x080000c8   Section        0  entry8b.o(.ARM.Collect$$$$0000000A)
    .ARM.Collect$$$$0000000B                 0x080000c8   Section        8  entry9a.o(.ARM.Collect$$$$0000000B)
    __lit__00000000                          0x080000d0   Data           4  entry2.o(.ARM.Collect$$$$00002712)
    .ARM.Collect$$$$0000000D                 0x080000d0   Section        0  entry10a.o(.ARM.Collect$$$$0000000D)
    .ARM.Collect$$$$0000000F                 0x080000d0   Section        0  entry11a.o(.ARM.Collect$$$$0000000F)
    .ARM.Collect$$$$00002712                 0x080000d0   Section        4  entry2.o(.ARM.Collect$$$$00002712)
    .text                                    0x080000d4   Section       28  startup_stm32c071xx.o(.text)
    .text                                    0x080000f0   Section        0  ldiv.o(.text)
    .text                                    0x0800013c   Section        0  llmul.o(.text)
    .text                                    0x0800016c   Section        0  fadd.o(.text)
    .text                                    0x0800021e   Section        0  fmul.o(.text)
    .text                                    0x08000298   Section        0  fdiv.o(.text)
    .text                                    0x08000314   Section        0  fcmple.o(.text)
    .text                                    0x08000330   Section        0  fcmpge.o(.text)
    .text                                    0x0800034c   Section        0  fcmpeq.o(.text)
    .text                                    0x08000368   Section        0  fflti.o(.text)
    .text                                    0x0800037e   Section        0  ffltl.o(.text)
    .text                                    0x080003aa   Section        0  ffixi.o(.text)
    .text                                    0x080003dc   Section        0  f2d.o(.text)
    .text                                    0x08000404   Section        0  uidiv_div0.o(.text)
    .text                                    0x08000442   Section        0  uldiv.o(.text)
    .text                                    0x080004a2   Section        0  iusefp.o(.text)
    .text                                    0x080004a2   Section        0  fepilogue.o(.text)
    .text                                    0x08000524   Section        0  fsqrt.o(.text)
    .text                                    0x0800057c   Section        0  dadd.o(.text)
    .text                                    0x080006e0   Section        0  dmul.o(.text)
    .text                                    0x080007b0   Section        0  ddiv.o(.text)
    .text                                    0x080008a0   Section        0  dfixul.o(.text)
    .text                                    0x080008e0   Section       40  cdrcmple.o(.text)
    .text                                    0x08000908   Section       48  init.o(.text)
    .text                                    0x08000938   Section        0  llshl.o(.text)
    .text                                    0x08000958   Section        0  llushr.o(.text)
    .text                                    0x0800097a   Section        0  llsshr.o(.text)
    .text                                    0x080009a0   Section        0  depilogue.o(.text)
    [Anonymous Symbol]                       0x08000a60   Section        0  ads1232_driver.o(.text.ADS1232_ConvertToGrams)
    [Anonymous Symbol]                       0x08000b3c   Section        0  ads1232_driver.o(.text.ADS1232_Init)
    __arm_cp.0_0                             0x08000b60   Number         4  ads1232_driver.o(.text.ADS1232_Init)
    [Anonymous Symbol]                       0x08000b64   Section        0  ads1232_driver.o(.text.ADS1232_Read)
    [Anonymous Symbol]                       0x08000ca2   Section        0  ads1232_driver.o(.text.ADS1232_Read_Median_of_3)
    [Anonymous Symbol]                       0x08000ce4   Section        0  ads1232_driver.o(.text.ADS1232_Tare)
    __arm_cp.3_1                             0x08000de8   Number         4  ads1232_driver.o(.text.ADS1232_Tare)
    __arm_cp.3_2                             0x08000dec   Number         4  ads1232_driver.o(.text.ADS1232_Tare)
    __arm_cp.3_3                             0x08000df0   Number         4  ads1232_driver.o(.text.ADS1232_Tare)
    __arm_cp.3_6                             0x08000e54   Number         4  ads1232_driver.o(.text.ADS1232_Tare)
    [Anonymous Symbol]                       0x08000e58   Section        0  main.o(.text.Calculate_Statistics)
    __arm_cp.4_0                             0x080013e4   Number         4  main.o(.text.Calculate_Statistics)
    __arm_cp.4_1                             0x080013e8   Number         4  main.o(.text.Calculate_Statistics)
    [Anonymous Symbol]                       0x080013ec   Section        0  main.o(.text.Error_Handler)
    __arm_cp.5_0                             0x08001404   Number         4  main.o(.text.Error_Handler)
    [Anonymous Symbol]                       0x08001408   Section        0  stm32c0xx_hal_dma.o(.text.HAL_DMA_Abort)
    [Anonymous Symbol]                       0x08001478   Section        0  stm32c0xx_hal_dma.o(.text.HAL_DMA_Abort_IT)
    __arm_cp.5_0                             0x080014ec   Number         4  stm32c0xx_hal_dma.o(.text.HAL_DMA_Abort_IT)
    __arm_cp.5_1                             0x080014f0   Number         4  stm32c0xx_hal_dma.o(.text.HAL_DMA_Abort_IT)
    [Anonymous Symbol]                       0x080014f4   Section        0  stm32c0xx_hal.o(.text.HAL_Delay)
    [Anonymous Symbol]                       0x08001514   Section        0  stm32c0xx_hal_gpio.o(.text.HAL_GPIO_Init)
    __arm_cp.0_0                             0x08001694   Number         4  stm32c0xx_hal_gpio.o(.text.HAL_GPIO_Init)
    __arm_cp.0_1                             0x08001698   Number         4  stm32c0xx_hal_gpio.o(.text.HAL_GPIO_Init)
    __arm_cp.0_2                             0x0800169c   Number         4  stm32c0xx_hal_gpio.o(.text.HAL_GPIO_Init)
    __arm_cp.0_3                             0x080016a0   Number         4  stm32c0xx_hal_gpio.o(.text.HAL_GPIO_Init)
    [Anonymous Symbol]                       0x080016a4   Section        0  stm32c0xx_hal_gpio.o(.text.HAL_GPIO_ReadPin)
    [Anonymous Symbol]                       0x080016ae   Section        0  stm32c0xx_hal_gpio.o(.text.HAL_GPIO_TogglePin)
    [Anonymous Symbol]                       0x080016be   Section        0  stm32c0xx_hal_gpio.o(.text.HAL_GPIO_WritePin)
    [Anonymous Symbol]                       0x080016d0   Section        0  stm32c0xx_hal.o(.text.HAL_GetTick)
    [Anonymous Symbol]                       0x080016d8   Section        0  stm32c0xx_hal.o(.text.HAL_IncTick)
    __arm_cp.5_1                             0x080016e8   Number         4  stm32c0xx_hal.o(.text.HAL_IncTick)
    [Anonymous Symbol]                       0x080016ec   Section        0  stm32c0xx_hal.o(.text.HAL_Init)
    [Anonymous Symbol]                       0x08001704   Section        0  stm32c0xx_hal.o(.text.HAL_InitTick)
    __arm_cp.1_0                             0x08001744   Number         4  stm32c0xx_hal.o(.text.HAL_InitTick)
    [Anonymous Symbol]                       0x08001748   Section        0  stm32c0xx_hal_msp.o(.text.HAL_MspInit)
    __arm_cp.0_0                             0x08001770   Number         4  stm32c0xx_hal_msp.o(.text.HAL_MspInit)
    [Anonymous Symbol]                       0x08001774   Section        0  stm32c0xx_hal_cortex.o(.text.HAL_NVIC_EnableIRQ)
    __arm_cp.1_0                             0x08001788   Number         4  stm32c0xx_hal_cortex.o(.text.HAL_NVIC_EnableIRQ)
    [Anonymous Symbol]                       0x0800178c   Section        0  stm32c0xx_hal_cortex.o(.text.HAL_NVIC_SetPriority)
    __arm_cp.0_0                             0x080017bc   Number         4  stm32c0xx_hal_cortex.o(.text.HAL_NVIC_SetPriority)
    __arm_cp.0_1                             0x080017c0   Number         4  stm32c0xx_hal_cortex.o(.text.HAL_NVIC_SetPriority)
    [Anonymous Symbol]                       0x080017c4   Section        0  stm32c0xx_hal_rcc_ex.o(.text.HAL_RCCEx_PeriphCLKConfig)
    __arm_cp.0_0                             0x08001900   Number         4  stm32c0xx_hal_rcc_ex.o(.text.HAL_RCCEx_PeriphCLKConfig)
    __arm_cp.0_1                             0x08001904   Number         4  stm32c0xx_hal_rcc_ex.o(.text.HAL_RCCEx_PeriphCLKConfig)
    [Anonymous Symbol]                       0x08001908   Section        0  stm32c0xx_hal_rcc.o(.text.HAL_RCC_ClockConfig)
    __arm_cp.2_0                             0x08001ad8   Number         4  stm32c0xx_hal_rcc.o(.text.HAL_RCC_ClockConfig)
    __arm_cp.2_1                             0x08001adc   Number         4  stm32c0xx_hal_rcc.o(.text.HAL_RCC_ClockConfig)
    __arm_cp.2_6                             0x08001ae0   Number         4  stm32c0xx_hal_rcc.o(.text.HAL_RCC_ClockConfig)
    [Anonymous Symbol]                       0x08001ae4   Section        0  stm32c0xx_hal_rcc.o(.text.HAL_RCC_GetPCLK1Freq)
    __arm_cp.6_3                             0x08001b6c   Number         4  stm32c0xx_hal_rcc.o(.text.HAL_RCC_GetPCLK1Freq)
    __arm_cp.6_5                             0x08001b70   Number         4  stm32c0xx_hal_rcc.o(.text.HAL_RCC_GetPCLK1Freq)
    [Anonymous Symbol]                       0x08001b74   Section        0  stm32c0xx_hal_rcc.o(.text.HAL_RCC_GetSysClockFreq)
    __arm_cp.3_0                             0x08001bd8   Number         4  stm32c0xx_hal_rcc.o(.text.HAL_RCC_GetSysClockFreq)
    __arm_cp.3_1                             0x08001bdc   Number         4  stm32c0xx_hal_rcc.o(.text.HAL_RCC_GetSysClockFreq)
    __arm_cp.3_2                             0x08001be0   Number         4  stm32c0xx_hal_rcc.o(.text.HAL_RCC_GetSysClockFreq)
    [Anonymous Symbol]                       0x08001be4   Section        0  stm32c0xx_hal_rcc.o(.text.HAL_RCC_OscConfig)
    __arm_cp.1_0                             0x08001e88   Number         4  stm32c0xx_hal_rcc.o(.text.HAL_RCC_OscConfig)
    __arm_cp.1_1                             0x08001e8c   Number         4  stm32c0xx_hal_rcc.o(.text.HAL_RCC_OscConfig)
    __arm_cp.1_2                             0x08001e90   Number         4  stm32c0xx_hal_rcc.o(.text.HAL_RCC_OscConfig)
    __arm_cp.1_3                             0x08001e94   Number         4  stm32c0xx_hal_rcc.o(.text.HAL_RCC_OscConfig)
    __arm_cp.1_4                             0x08001e98   Number         4  stm32c0xx_hal_rcc.o(.text.HAL_RCC_OscConfig)
    [Anonymous Symbol]                       0x08001e9c   Section        0  stm32c0xx_hal_cortex.o(.text.HAL_SYSTICK_Config)
    __arm_cp.4_0                             0x08001ec4   Number         4  stm32c0xx_hal_cortex.o(.text.HAL_SYSTICK_Config)
    __arm_cp.4_1                             0x08001ec8   Number         4  stm32c0xx_hal_cortex.o(.text.HAL_SYSTICK_Config)
    __arm_cp.4_2                             0x08001ecc   Number         4  stm32c0xx_hal_cortex.o(.text.HAL_SYSTICK_Config)
    [Anonymous Symbol]                       0x08001ed0   Section        0  stm32c0xx_hal_uart_ex.o(.text.HAL_UARTEx_DisableFifoMode)
    [Anonymous Symbol]                       0x08001f06   Section        0  stm32c0xx_hal_uart.o(.text.HAL_UARTEx_RxEventCallback)
    [Anonymous Symbol]                       0x08001f08   Section        0  stm32c0xx_hal_uart_ex.o(.text.HAL_UARTEx_RxFifoFullCallback)
    [Anonymous Symbol]                       0x08001f0c   Section        0  stm32c0xx_hal_uart_ex.o(.text.HAL_UARTEx_SetRxFifoThreshold)
    [Anonymous Symbol]                       0x08001f8c   Section        0  stm32c0xx_hal_uart_ex.o(.text.HAL_UARTEx_SetTxFifoThreshold)
    __arm_cp.10_0                            0x0800200c   Number         4  stm32c0xx_hal_uart_ex.o(.text.HAL_UARTEx_SetTxFifoThreshold)
    __arm_cp.10_1                            0x08002010   Number         4  stm32c0xx_hal_uart_ex.o(.text.HAL_UARTEx_SetTxFifoThreshold)
    [Anonymous Symbol]                       0x08002014   Section        0  stm32c0xx_hal_uart_ex.o(.text.HAL_UARTEx_TxFifoEmptyCallback)
    [Anonymous Symbol]                       0x08002016   Section        0  stm32c0xx_hal_uart_ex.o(.text.HAL_UARTEx_WakeupCallback)
    [Anonymous Symbol]                       0x08002018   Section        0  stm32c0xx_hal_uart.o(.text.HAL_UART_ErrorCallback)
    [Anonymous Symbol]                       0x0800201c   Section        0  stm32c0xx_hal_uart.o(.text.HAL_UART_IRQHandler)
    __arm_cp.42_4                            0x080023b0   Number         4  stm32c0xx_hal_uart.o(.text.HAL_UART_IRQHandler)
    __arm_cp.42_1                            0x08002490   Number         4  stm32c0xx_hal_uart.o(.text.HAL_UART_IRQHandler)
    __arm_cp.42_2                            0x08002494   Number         4  stm32c0xx_hal_uart.o(.text.HAL_UART_IRQHandler)
    __arm_cp.42_3                            0x08002498   Number         4  stm32c0xx_hal_uart.o(.text.HAL_UART_IRQHandler)
    [Anonymous Symbol]                       0x0800249c   Section        0  stm32c0xx_hal_uart.o(.text.HAL_UART_Init)
    [Anonymous Symbol]                       0x0800250c   Section        0  usart.o(.text.HAL_UART_MspInit)
    [Anonymous Symbol]                       0x080025c4   Section        0  stm32c0xx_hal_uart.o(.text.HAL_UART_Transmit)
    __arm_cp.10_0                            0x08002750   Number         4  stm32c0xx_hal_uart.o(.text.HAL_UART_Transmit)
    [Anonymous Symbol]                       0x08002754   Section        0  stm32c0xx_hal_uart.o(.text.HAL_UART_TxCpltCallback)
    [Anonymous Symbol]                       0x08002756   Section        0  stm32c0xx_it.o(.text.HardFault_Handler)
    [Anonymous Symbol]                       0x08002758   Section        0  gpio.o(.text.MX_GPIO_Init)
    __arm_cp.0_0                             0x08002820   Number         4  gpio.o(.text.MX_GPIO_Init)
    __arm_cp.0_2                             0x08002824   Number         4  gpio.o(.text.MX_GPIO_Init)
    [Anonymous Symbol]                       0x08002828   Section        0  usart.o(.text.MX_USART1_UART_Init)
    __arm_cp.0_0                             0x08002888   Number         4  usart.o(.text.MX_USART1_UART_Init)
    __arm_cp.0_1                             0x0800288c   Number         4  usart.o(.text.MX_USART1_UART_Init)
    [Anonymous Symbol]                       0x08002890   Section        0  usart.o(.text.MX_USART2_UART_Init)
    __arm_cp.1_0                             0x080028f0   Number         4  usart.o(.text.MX_USART2_UART_Init)
    __arm_cp.1_1                             0x080028f4   Number         4  usart.o(.text.MX_USART2_UART_Init)
    [Anonymous Symbol]                       0x080028f8   Section        0  stm32c0xx_it.o(.text.NMI_Handler)
    [Anonymous Symbol]                       0x080028fa   Section        0  stm32c0xx_it.o(.text.PendSV_Handler)
    [Anonymous Symbol]                       0x080028fc   Section        0  stm32c0xx_it.o(.text.SVC_Handler)
    [Anonymous Symbol]                       0x080028fe   Section        0  stm32c0xx_it.o(.text.SysTick_Handler)
    [Anonymous Symbol]                       0x08002908   Section        0  main.o(.text.SystemClock_Config)
    __arm_cp.3_0                             0x08002994   Number         4  main.o(.text.SystemClock_Config)
    __arm_cp.3_1                             0x08002998   Number         4  main.o(.text.SystemClock_Config)
    [Anonymous Symbol]                       0x0800299c   Section        0  system_stm32c0xx.o(.text.SystemInit)
    __arm_cp.0_0                             0x080029a8   Number         4  system_stm32c0xx.o(.text.SystemInit)
    [Anonymous Symbol]                       0x080029ac   Section        0  stm32c0xx_hal_uart.o(.text.UART_AdvFeatureConfig)
    [Anonymous Symbol]                       0x08002a80   Section        0  stm32c0xx_hal_uart.o(.text.UART_CheckIdleState)
    __arm_cp.4_0                             0x08002b4c   Number         4  stm32c0xx_hal_uart.o(.text.UART_CheckIdleState)
    UART_DMAAbortOnError                     0x08002b51   Thumb Code    16  stm32c0xx_hal_uart.o(.text.UART_DMAAbortOnError)
    [Anonymous Symbol]                       0x08002b50   Section        0  stm32c0xx_hal_uart.o(.text.UART_DMAAbortOnError)
    [Anonymous Symbol]                       0x08002b60   Section        0  stm32c0xx_hal_uart.o(.text.UART_SetConfig)
    __arm_cp.3_0                             0x08002cb0   Number         4  stm32c0xx_hal_uart.o(.text.UART_SetConfig)
    __arm_cp.3_1                             0x08002cb4   Number         4  stm32c0xx_hal_uart.o(.text.UART_SetConfig)
    __arm_cp.3_2                             0x08002cb8   Number         4  stm32c0xx_hal_uart.o(.text.UART_SetConfig)
    __arm_cp.3_3                             0x08002cbc   Number         4  stm32c0xx_hal_uart.o(.text.UART_SetConfig)
    __arm_cp.3_4                             0x08002cc0   Number         4  stm32c0xx_hal_uart.o(.text.UART_SetConfig)
    __arm_cp.3_6                             0x08002cd4   Number         4  stm32c0xx_hal_uart.o(.text.UART_SetConfig)
    __arm_cp.3_7                             0x08002cd8   Number         4  stm32c0xx_hal_uart.o(.text.UART_SetConfig)
    __arm_cp.3_8                             0x08002cdc   Number         4  stm32c0xx_hal_uart.o(.text.UART_SetConfig)
    __arm_cp.3_9                             0x08002ce0   Number         4  stm32c0xx_hal_uart.o(.text.UART_SetConfig)
    [Anonymous Symbol]                       0x08002ce4   Section        0  stm32c0xx_hal_uart.o(.text.UART_WaitOnFlagUntilTimeout)
    __arm_cp.11_0                            0x08002ea4   Number         4  stm32c0xx_hal_uart.o(.text.UART_WaitOnFlagUntilTimeout)
    [Anonymous Symbol]                       0x08002ea8   Section        0  stm32c0xx_it.o(.text.USART1_IRQHandler)
    __arm_cp.5_0                             0x08002eb4   Number         4  stm32c0xx_it.o(.text.USART1_IRQHandler)
    [Anonymous Symbol]                       0x08002eb8   Section        0  stm32c0xx_it.o(.text.USART2_IRQHandler)
    [Anonymous Symbol]                       0x08002ec4   Section        0  main.o(.text.fputc)
    __arm_cp.0_0                             0x08002edc   Number         4  main.o(.text.fputc)
    [Anonymous Symbol]                       0x08002ee0   Section        0  main.o(.text.main)
    __arm_cp.2_0                             0x08003248   Number         4  main.o(.text.main)
    __arm_cp.2_1                             0x0800324c   Number         4  main.o(.text.main)
    __arm_cp.2_2                             0x08003250   Number         4  main.o(.text.main)
    __arm_cp.2_3                             0x08003254   Number         4  main.o(.text.main)
    __arm_cp.2_6                             0x080032ac   Number         4  main.o(.text.main)
    __arm_cp.2_7                             0x080032b0   Number         4  main.o(.text.main)
    __arm_cp.2_8                             0x080032b4   Number         4  main.o(.text.main)
    __arm_cp.2_9                             0x080032b8   Number         4  main.o(.text.main)
    __arm_cp.2_10                            0x080032bc   Number         4  main.o(.text.main)
    __arm_cp.2_11                            0x080032c0   Number         4  main.o(.text.main)
    __arm_cp.2_13                            0x080032f0   Number         4  main.o(.text.main)
    __arm_cp.2_14                            0x080032f4   Number         4  main.o(.text.main)
    i.__0printf                              0x080032f8   Section        0  printfa.o(i.__0printf)
    i.__ARM_clz                              0x08003318   Section        0  depilogue.o(i.__ARM_clz)
    i.__scatterload_copy                     0x08003346   Section       14  handlers.o(i.__scatterload_copy)
    i.__scatterload_null                     0x08003354   Section        2  handlers.o(i.__scatterload_null)
    i.__scatterload_zeroinit                 0x08003356   Section       14  handlers.o(i.__scatterload_zeroinit)
    i.__set_errno                            0x08003364   Section        0  errno.o(i.__set_errno)
    _fp_digits                               0x08003371   Thumb Code   344  printfa.o(i._fp_digits)
    i._fp_digits                             0x08003370   Section        0  printfa.o(i._fp_digits)
    _printf_core                             0x080034e5   Thumb Code  1754  printfa.o(i._printf_core)
    i._printf_core                           0x080034e4   Section        0  printfa.o(i._printf_core)
    _printf_post_padding                     0x08003bd1   Thumb Code    32  printfa.o(i._printf_post_padding)
    i._printf_post_padding                   0x08003bd0   Section        0  printfa.o(i._printf_post_padding)
    _printf_pre_padding                      0x08003bf1   Thumb Code    44  printfa.o(i._printf_pre_padding)
    i._printf_pre_padding                    0x08003bf0   Section        0  printfa.o(i._printf_pre_padding)
    i.puts                                   0x08003c1c   Section        0  puts.o(i.puts)
    i.sqrtf                                  0x08003c3c   Section        0  sqrtf.o(i.sqrtf)
    UARTEx_SetNbDataToProcess.numerator      0x08003ce0   Data           8  stm32c0xx_hal_uart_ex.o(.rodata.cst8)
    [Anonymous Symbol]                       0x08003ce0   Section        0  stm32c0xx_hal_uart_ex.o(.rodata.cst8)
    UARTEx_SetNbDataToProcess.denominator    0x08003ce8   Data           8  stm32c0xx_hal_uart_ex.o(.rodata.cst8)
    [Anonymous Symbol]                       0x08003cf0   Section        0  ads1232_driver.o(.rodata.str1.1)
    [Anonymous Symbol]                       0x08003d11   Section        0  main.o(.rodata.str1.1)
    .data                                    0x20000000   Section        4  stdout.o(.data)
    _errno                                   0x20000004   Data           4  errno.o(.data)
    .data                                    0x20000004   Section        4  errno.o(.data)
    [Anonymous Symbol]                       0x20000008   Section        0  stm32c0xx_hal.o(.data..L_MergedGlobals)
    [Anonymous Symbol]                       0x20000038   Section        0  main.o(.bss..L_MergedGlobals)
    main.last_print_time                     0x2000005c   Data           4  main.o(.bss..L_MergedGlobals)
    adc_offset                               0x20000070   Data           4  ads1232_driver.o(.bss.adc_offset)
    [Anonymous Symbol]                       0x20000070   Section        0  ads1232_driver.o(.bss.adc_offset)
    STACK                                    0x20000220   Section     1024  startup_stm32c071xx.o(STACK)

    Global Symbols

    Symbol Name                              Value     Ov Type        Size  Object(Section)

    BuildAttributes$$THM_ISAv3M$S$PE$A:L22$X:L11$S22$IEEE1$IW$~IW$USESV6$~STKCKD$USESV7$~SHL$OTIME$ROPI$IEEEJ$EBA8$MICROLIB$REQ8$PRES8$EABIv2 0x00000000   Number         0  anon$$obj.o ABSOLUTE
    _printf_a                                0x00000000   Number         0  printfstubs.o ABSOLUTE
    _printf_c                                0x00000000   Number         0  printfstubs.o ABSOLUTE
    _printf_charcount                        0x00000000   Number         0  printfstubs.o ABSOLUTE
    _printf_d                                0x00000000   Number         0  printfstubs.o ABSOLUTE
    _printf_e                                0x00000000   Number         0  printfstubs.o ABSOLUTE
    _printf_f                                0x00000000   Number         0  printfstubs.o ABSOLUTE
    _printf_flags                            0x00000000   Number         0  printfstubs.o ABSOLUTE
    _printf_fp_dec                           0x00000000   Number         0  printfstubs.o ABSOLUTE
    _printf_fp_hex                           0x00000000   Number         0  printfstubs.o ABSOLUTE
    _printf_g                                0x00000000   Number         0  printfstubs.o ABSOLUTE
    _printf_i                                0x00000000   Number         0  printfstubs.o ABSOLUTE
    _printf_int_dec                          0x00000000   Number         0  printfstubs.o ABSOLUTE
    _printf_l                                0x00000000   Number         0  printfstubs.o ABSOLUTE
    _printf_lc                               0x00000000   Number         0  printfstubs.o ABSOLUTE
    _printf_ll                               0x00000000   Number         0  printfstubs.o ABSOLUTE
    _printf_lld                              0x00000000   Number         0  printfstubs.o ABSOLUTE
    _printf_lli                              0x00000000   Number         0  printfstubs.o ABSOLUTE
    _printf_llo                              0x00000000   Number         0  printfstubs.o ABSOLUTE
    _printf_llu                              0x00000000   Number         0  printfstubs.o ABSOLUTE
    _printf_llx                              0x00000000   Number         0  printfstubs.o ABSOLUTE
    _printf_longlong_dec                     0x00000000   Number         0  printfstubs.o ABSOLUTE
    _printf_longlong_hex                     0x00000000   Number         0  printfstubs.o ABSOLUTE
    _printf_longlong_oct                     0x00000000   Number         0  printfstubs.o ABSOLUTE
    _printf_ls                               0x00000000   Number         0  printfstubs.o ABSOLUTE
    _printf_mbtowc                           0x00000000   Number         0  printfstubs.o ABSOLUTE
    _printf_n                                0x00000000   Number         0  printfstubs.o ABSOLUTE
    _printf_o                                0x00000000   Number         0  printfstubs.o ABSOLUTE
    _printf_p                                0x00000000   Number         0  printfstubs.o ABSOLUTE
    _printf_percent                          0x00000000   Number         0  printfstubs.o ABSOLUTE
    _printf_pre_padding                      0x00000000   Number         0  printfstubs.o ABSOLUTE
    _printf_return_value                     0x00000000   Number         0  printfstubs.o ABSOLUTE
    _printf_s                                0x00000000   Number         0  printfstubs.o ABSOLUTE
    _printf_sizespec                         0x00000000   Number         0  printfstubs.o ABSOLUTE
    _printf_str                              0x00000000   Number         0  printfstubs.o ABSOLUTE
    _printf_truncate_signed                  0x00000000   Number         0  printfstubs.o ABSOLUTE
    _printf_truncate_unsigned                0x00000000   Number         0  printfstubs.o ABSOLUTE
    _printf_u                                0x00000000   Number         0  printfstubs.o ABSOLUTE
    _printf_wc                               0x00000000   Number         0  printfstubs.o ABSOLUTE
    _printf_wctomb                           0x00000000   Number         0  printfstubs.o ABSOLUTE
    _printf_widthprec                        0x00000000   Number         0  printfstubs.o ABSOLUTE
    _printf_x                                0x00000000   Number         0  printfstubs.o ABSOLUTE
    __cpp_initialize__aeabi_                  - Undefined Weak Reference
    __cxa_finalize                            - Undefined Weak Reference
    __decompress                              - Undefined Weak Reference
    _clock_init                               - Undefined Weak Reference
    _microlib_exit                            - Undefined Weak Reference
    __Vectors_Size                           0x000000c0   Number         0  startup_stm32c071xx.o ABSOLUTE
    __Vectors                                0x08000000   Data           4  startup_stm32c071xx.o(RESET)
    __Vectors_End                            0x080000c0   Data           0  startup_stm32c071xx.o(RESET)
    __main                                   0x080000c1   Thumb Code     0  entry.o(.ARM.Collect$$$$00000000)
    _main_stk                                0x080000c1   Thumb Code     0  entry2.o(.ARM.Collect$$$$00000001)
    _main_scatterload                        0x080000c5   Thumb Code     0  entry5.o(.ARM.Collect$$$$00000004)
    __main_after_scatterload                 0x080000c9   Thumb Code     0  entry5.o(.ARM.Collect$$$$00000004)
    _main_clock                              0x080000c9   Thumb Code     0  entry7b.o(.ARM.Collect$$$$00000008)
    _main_cpp_init                           0x080000c9   Thumb Code     0  entry8b.o(.ARM.Collect$$$$0000000A)
    _main_init                               0x080000c9   Thumb Code     0  entry9a.o(.ARM.Collect$$$$0000000B)
    __rt_final_cpp                           0x080000d1   Thumb Code     0  entry10a.o(.ARM.Collect$$$$0000000D)
    __rt_final_exit                          0x080000d1   Thumb Code     0  entry11a.o(.ARM.Collect$$$$0000000F)
    Reset_Handler                            0x080000d5   Thumb Code     8  startup_stm32c071xx.o(.text)
    ADC1_IRQHandler                          0x080000e7   Thumb Code     0  startup_stm32c071xx.o(.text)
    DMA1_Channel1_IRQHandler                 0x080000e7   Thumb Code     0  startup_stm32c071xx.o(.text)
    DMA1_Channel2_3_IRQHandler               0x080000e7   Thumb Code     0  startup_stm32c071xx.o(.text)
    DMAMUX1_DMA1_CH4_5_IRQHandler            0x080000e7   Thumb Code     0  startup_stm32c071xx.o(.text)
    EXTI0_1_IRQHandler                       0x080000e7   Thumb Code     0  startup_stm32c071xx.o(.text)
    EXTI2_3_IRQHandler                       0x080000e7   Thumb Code     0  startup_stm32c071xx.o(.text)
    EXTI4_15_IRQHandler                      0x080000e7   Thumb Code     0  startup_stm32c071xx.o(.text)
    FLASH_IRQHandler                         0x080000e7   Thumb Code     0  startup_stm32c071xx.o(.text)
    I2C1_IRQHandler                          0x080000e7   Thumb Code     0  startup_stm32c071xx.o(.text)
    I2C2_IRQHandler                          0x080000e7   Thumb Code     0  startup_stm32c071xx.o(.text)
    PVD_VDDIO2_IRQHandler                    0x080000e7   Thumb Code     0  startup_stm32c071xx.o(.text)
    RCC_CRS_IRQHandler                       0x080000e7   Thumb Code     0  startup_stm32c071xx.o(.text)
    RTC_IRQHandler                           0x080000e7   Thumb Code     0  startup_stm32c071xx.o(.text)
    SPI1_IRQHandler                          0x080000e7   Thumb Code     0  startup_stm32c071xx.o(.text)
    SPI2_IRQHandler                          0x080000e7   Thumb Code     0  startup_stm32c071xx.o(.text)
    TIM14_IRQHandler                         0x080000e7   Thumb Code     0  startup_stm32c071xx.o(.text)
    TIM16_IRQHandler                         0x080000e7   Thumb Code     0  startup_stm32c071xx.o(.text)
    TIM17_IRQHandler                         0x080000e7   Thumb Code     0  startup_stm32c071xx.o(.text)
    TIM1_BRK_UP_TRG_COM_IRQHandler           0x080000e7   Thumb Code     0  startup_stm32c071xx.o(.text)
    TIM1_CC_IRQHandler                       0x080000e7   Thumb Code     0  startup_stm32c071xx.o(.text)
    TIM2_IRQHandler                          0x080000e7   Thumb Code     0  startup_stm32c071xx.o(.text)
    TIM3_IRQHandler                          0x080000e7   Thumb Code     0  startup_stm32c071xx.o(.text)
    USB_DRD_FS_IRQHandler                    0x080000e7   Thumb Code     0  startup_stm32c071xx.o(.text)
    WWDG_IRQHandler                          0x080000e7   Thumb Code     0  startup_stm32c071xx.o(.text)
    __aeabi_ldivmod                          0x080000f1   Thumb Code    76  ldiv.o(.text)
    __aeabi_lmul                             0x0800013d   Thumb Code    48  llmul.o(.text)
    _ll_mul                                  0x0800013d   Thumb Code     0  llmul.o(.text)
    __aeabi_fadd                             0x0800016d   Thumb Code   162  fadd.o(.text)
    __aeabi_fsub                             0x0800020f   Thumb Code     8  fadd.o(.text)
    __aeabi_frsub                            0x08000217   Thumb Code     8  fadd.o(.text)
    __aeabi_fmul                             0x0800021f   Thumb Code   122  fmul.o(.text)
    __aeabi_fdiv                             0x08000299   Thumb Code   124  fdiv.o(.text)
    __aeabi_fcmple                           0x08000315   Thumb Code    28  fcmple.o(.text)
    __aeabi_fcmpge                           0x08000331   Thumb Code    28  fcmpge.o(.text)
    __aeabi_fcmpeq                           0x0800034d   Thumb Code    28  fcmpeq.o(.text)
    __aeabi_i2f                              0x08000369   Thumb Code    22  fflti.o(.text)
    __aeabi_l2f                              0x0800037f   Thumb Code    44  ffltl.o(.text)
    __aeabi_f2iz                             0x080003ab   Thumb Code    50  ffixi.o(.text)
    __aeabi_f2d                              0x080003dd   Thumb Code    40  f2d.o(.text)
    __aeabi_uidiv                            0x08000405   Thumb Code     0  uidiv_div0.o(.text)
    __aeabi_uidivmod                         0x08000405   Thumb Code    62  uidiv_div0.o(.text)
    __aeabi_uldivmod                         0x08000443   Thumb Code    96  uldiv.o(.text)
    __I$use$fp                               0x080004a3   Thumb Code     0  iusefp.o(.text)
    _float_round                             0x080004a3   Thumb Code    16  fepilogue.o(.text)
    _float_epilogue                          0x080004b3   Thumb Code   114  fepilogue.o(.text)
    _fsqrt                                   0x08000525   Thumb Code    88  fsqrt.o(.text)
    __aeabi_dadd                             0x0800057d   Thumb Code   328  dadd.o(.text)
    __aeabi_dsub                             0x080006c5   Thumb Code    12  dadd.o(.text)
    __aeabi_drsub                            0x080006d1   Thumb Code    12  dadd.o(.text)
    __aeabi_dmul                             0x080006e1   Thumb Code   202  dmul.o(.text)
    __aeabi_ddiv                             0x080007b1   Thumb Code   234  ddiv.o(.text)
    __aeabi_d2ulz                            0x080008a1   Thumb Code    54  dfixul.o(.text)
    __aeabi_cdrcmple                         0x080008e1   Thumb Code    38  cdrcmple.o(.text)
    __scatterload                            0x08000909   Thumb Code    38  init.o(.text)
    __scatterload_rt2                        0x08000909   Thumb Code     0  init.o(.text)
    __aeabi_llsl                             0x08000939   Thumb Code    32  llshl.o(.text)
    _ll_shift_l                              0x08000939   Thumb Code     0  llshl.o(.text)
    __aeabi_llsr                             0x08000959   Thumb Code    34  llushr.o(.text)
    _ll_ushift_r                             0x08000959   Thumb Code     0  llushr.o(.text)
    __aeabi_lasr                             0x0800097b   Thumb Code    38  llsshr.o(.text)
    _ll_sshift_r                             0x0800097b   Thumb Code     0  llsshr.o(.text)
    _double_round                            0x080009a1   Thumb Code    26  depilogue.o(.text)
    _double_epilogue                         0x080009bb   Thumb Code   164  depilogue.o(.text)
    ADS1232_ConvertToGrams                   0x08000a61   Thumb Code   220  ads1232_driver.o(.text.ADS1232_ConvertToGrams)
    ADS1232_Init                             0x08000b3d   Thumb Code    36  ads1232_driver.o(.text.ADS1232_Init)
    ADS1232_Read                             0x08000b65   Thumb Code   318  ads1232_driver.o(.text.ADS1232_Read)
    ADS1232_Read_Median_of_3                 0x08000ca3   Thumb Code    66  ads1232_driver.o(.text.ADS1232_Read_Median_of_3)
    ADS1232_Tare                             0x08000ce5   Thumb Code   224  ads1232_driver.o(.text.ADS1232_Tare)
    Calculate_Statistics                     0x08000e59   Thumb Code  1420  main.o(.text.Calculate_Statistics)
    Error_Handler                            0x080013ed   Thumb Code    24  main.o(.text.Error_Handler)
    HAL_DMA_Abort                            0x08001409   Thumb Code   112  stm32c0xx_hal_dma.o(.text.HAL_DMA_Abort)
    HAL_DMA_Abort_IT                         0x08001479   Thumb Code   116  stm32c0xx_hal_dma.o(.text.HAL_DMA_Abort_IT)
    HAL_Delay                                0x080014f5   Thumb Code    32  stm32c0xx_hal.o(.text.HAL_Delay)
    HAL_GPIO_Init                            0x08001515   Thumb Code   384  stm32c0xx_hal_gpio.o(.text.HAL_GPIO_Init)
    HAL_GPIO_ReadPin                         0x080016a5   Thumb Code    10  stm32c0xx_hal_gpio.o(.text.HAL_GPIO_ReadPin)
    HAL_GPIO_TogglePin                       0x080016af   Thumb Code    16  stm32c0xx_hal_gpio.o(.text.HAL_GPIO_TogglePin)
    HAL_GPIO_WritePin                        0x080016bf   Thumb Code    16  stm32c0xx_hal_gpio.o(.text.HAL_GPIO_WritePin)
    HAL_GetTick                              0x080016d1   Thumb Code     8  stm32c0xx_hal.o(.text.HAL_GetTick)
    HAL_IncTick                              0x080016d9   Thumb Code    16  stm32c0xx_hal.o(.text.HAL_IncTick)
    HAL_Init                                 0x080016ed   Thumb Code    24  stm32c0xx_hal.o(.text.HAL_Init)
    HAL_InitTick                             0x08001705   Thumb Code    64  stm32c0xx_hal.o(.text.HAL_InitTick)
    HAL_MspInit                              0x08001749   Thumb Code    40  stm32c0xx_hal_msp.o(.text.HAL_MspInit)
    HAL_NVIC_EnableIRQ                       0x08001775   Thumb Code    20  stm32c0xx_hal_cortex.o(.text.HAL_NVIC_EnableIRQ)
    HAL_NVIC_SetPriority                     0x0800178d   Thumb Code    48  stm32c0xx_hal_cortex.o(.text.HAL_NVIC_SetPriority)
    HAL_RCCEx_PeriphCLKConfig                0x080017c5   Thumb Code   316  stm32c0xx_hal_rcc_ex.o(.text.HAL_RCCEx_PeriphCLKConfig)
    HAL_RCC_ClockConfig                      0x08001909   Thumb Code   464  stm32c0xx_hal_rcc.o(.text.HAL_RCC_ClockConfig)
    HAL_RCC_GetPCLK1Freq                     0x08001ae5   Thumb Code   136  stm32c0xx_hal_rcc.o(.text.HAL_RCC_GetPCLK1Freq)
    HAL_RCC_GetSysClockFreq                  0x08001b75   Thumb Code   100  stm32c0xx_hal_rcc.o(.text.HAL_RCC_GetSysClockFreq)
    HAL_RCC_OscConfig                        0x08001be5   Thumb Code   676  stm32c0xx_hal_rcc.o(.text.HAL_RCC_OscConfig)
    HAL_SYSTICK_Config                       0x08001e9d   Thumb Code    40  stm32c0xx_hal_cortex.o(.text.HAL_SYSTICK_Config)
    HAL_UARTEx_DisableFifoMode               0x08001ed1   Thumb Code    54  stm32c0xx_hal_uart_ex.o(.text.HAL_UARTEx_DisableFifoMode)
    HAL_UARTEx_RxEventCallback               0x08001f07   Thumb Code     2  stm32c0xx_hal_uart.o(.text.HAL_UARTEx_RxEventCallback)
    HAL_UARTEx_RxFifoFullCallback            0x08001f09   Thumb Code     2  stm32c0xx_hal_uart_ex.o(.text.HAL_UARTEx_RxFifoFullCallback)
    HAL_UARTEx_SetRxFifoThreshold            0x08001f0d   Thumb Code   128  stm32c0xx_hal_uart_ex.o(.text.HAL_UARTEx_SetRxFifoThreshold)
    HAL_UARTEx_SetTxFifoThreshold            0x08001f8d   Thumb Code   128  stm32c0xx_hal_uart_ex.o(.text.HAL_UARTEx_SetTxFifoThreshold)
    HAL_UARTEx_TxFifoEmptyCallback           0x08002015   Thumb Code     2  stm32c0xx_hal_uart_ex.o(.text.HAL_UARTEx_TxFifoEmptyCallback)
    HAL_UARTEx_WakeupCallback                0x08002017   Thumb Code     2  stm32c0xx_hal_uart_ex.o(.text.HAL_UARTEx_WakeupCallback)
    HAL_UART_ErrorCallback                   0x08002019   Thumb Code     2  stm32c0xx_hal_uart.o(.text.HAL_UART_ErrorCallback)
    HAL_UART_IRQHandler                      0x0800201d   Thumb Code  1140  stm32c0xx_hal_uart.o(.text.HAL_UART_IRQHandler)
    HAL_UART_Init                            0x0800249d   Thumb Code   112  stm32c0xx_hal_uart.o(.text.HAL_UART_Init)
    HAL_UART_MspInit                         0x0800250d   Thumb Code   184  usart.o(.text.HAL_UART_MspInit)
    HAL_UART_Transmit                        0x080025c5   Thumb Code   396  stm32c0xx_hal_uart.o(.text.HAL_UART_Transmit)
    HAL_UART_TxCpltCallback                  0x08002755   Thumb Code     2  stm32c0xx_hal_uart.o(.text.HAL_UART_TxCpltCallback)
    HardFault_Handler                        0x08002757   Thumb Code     2  stm32c0xx_it.o(.text.HardFault_Handler)
    MX_GPIO_Init                             0x08002759   Thumb Code   200  gpio.o(.text.MX_GPIO_Init)
    MX_USART1_UART_Init                      0x08002829   Thumb Code    96  usart.o(.text.MX_USART1_UART_Init)
    MX_USART2_UART_Init                      0x08002891   Thumb Code    96  usart.o(.text.MX_USART2_UART_Init)
    NMI_Handler                              0x080028f9   Thumb Code     2  stm32c0xx_it.o(.text.NMI_Handler)
    PendSV_Handler                           0x080028fb   Thumb Code     2  stm32c0xx_it.o(.text.PendSV_Handler)
    SVC_Handler                              0x080028fd   Thumb Code     2  stm32c0xx_it.o(.text.SVC_Handler)
    SysTick_Handler                          0x080028ff   Thumb Code     8  stm32c0xx_it.o(.text.SysTick_Handler)
    SystemClock_Config                       0x08002909   Thumb Code   140  main.o(.text.SystemClock_Config)
    SystemInit                               0x0800299d   Thumb Code    12  system_stm32c0xx.o(.text.SystemInit)
    UART_AdvFeatureConfig                    0x080029ad   Thumb Code   210  stm32c0xx_hal_uart.o(.text.UART_AdvFeatureConfig)
    UART_CheckIdleState                      0x08002a81   Thumb Code   204  stm32c0xx_hal_uart.o(.text.UART_CheckIdleState)
    UART_SetConfig                           0x08002b61   Thumb Code   336  stm32c0xx_hal_uart.o(.text.UART_SetConfig)
    UART_WaitOnFlagUntilTimeout              0x08002ce5   Thumb Code   448  stm32c0xx_hal_uart.o(.text.UART_WaitOnFlagUntilTimeout)
    USART1_IRQHandler                        0x08002ea9   Thumb Code    12  stm32c0xx_it.o(.text.USART1_IRQHandler)
    USART2_IRQHandler                        0x08002eb9   Thumb Code    12  stm32c0xx_it.o(.text.USART2_IRQHandler)
    fputc                                    0x08002ec5   Thumb Code    24  main.o(.text.fputc)
    main                                     0x08002ee1   Thumb Code   872  main.o(.text.main)
    __0printf                                0x080032f9   Thumb Code    24  printfa.o(i.__0printf)
    __1printf                                0x080032f9   Thumb Code     0  printfa.o(i.__0printf)
    __2printf                                0x080032f9   Thumb Code     0  printfa.o(i.__0printf)
    __c89printf                              0x080032f9   Thumb Code     0  printfa.o(i.__0printf)
    printf                                   0x080032f9   Thumb Code     0  printfa.o(i.__0printf)
    __ARM_clz                                0x08003319   Thumb Code    46  depilogue.o(i.__ARM_clz)
    __scatterload_copy                       0x08003347   Thumb Code    14  handlers.o(i.__scatterload_copy)
    __scatterload_null                       0x08003355   Thumb Code     2  handlers.o(i.__scatterload_null)
    __scatterload_zeroinit                   0x08003357   Thumb Code    14  handlers.o(i.__scatterload_zeroinit)
    __set_errno                              0x08003365   Thumb Code     6  errno.o(i.__set_errno)
    puts                                     0x08003c1d   Thumb Code    28  puts.o(i.puts)
    sqrtf                                    0x08003c3d   Thumb Code    44  sqrtf.o(i.sqrtf)
    AHBPrescTable                            0x08003c68   Data          64  system_stm32c0xx.o(.rodata.AHBPrescTable)
    APBPrescTable                            0x08003ca8   Data          32  system_stm32c0xx.o(.rodata.APBPrescTable)
    UARTPrescTable                           0x08003cc8   Data          24  stm32c0xx_hal_uart.o(.rodata.UARTPrescTable)
    Region$$Table$$Base                      0x08003d4c   Number         0  anon$$obj.o(Region$$Table)
    Region$$Table$$Limit                     0x08003d6c   Number         0  anon$$obj.o(Region$$Table)
    __stdout                                 0x20000000   Data           4  stdout.o(.data)
    uwTickFreq                               0x20000008   Data           1  stm32c0xx_hal.o(.data..L_MergedGlobals)
    uwTickPrio                               0x2000000c   Data           4  stm32c0xx_hal.o(.data..L_MergedGlobals)
    SystemCoreClock                          0x20000010   Data           4  system_stm32c0xx.o(.data.SystemCoreClock)
    cal_points                               0x20000014   Data          32  ads1232_driver.o(.data.cal_points)
    buffer_filled                            0x20000038   Data           1  main.o(.bss..L_MergedGlobals)
    scale_state                              0x20000039   Data           1  main.o(.bss..L_MergedGlobals)
    is_near_zero                             0x2000003a   Data           1  main.o(.bss..L_MergedGlobals)
    buffer_index                             0x2000003c   Data           4  main.o(.bss..L_MergedGlobals)
    regression_denominator                   0x20000040   Data           4  main.o(.bss..L_MergedGlobals)
    locked_weight_grams                      0x20000044   Data           4  main.o(.bss..L_MergedGlobals)
    stabilizing_start_time                   0x20000048   Data           4  main.o(.bss..L_MergedGlobals)
    absolute_zero_offset                     0x2000004c   Data           4  main.o(.bss..L_MergedGlobals)
    near_zero_start_time                     0x20000050   Data           4  main.o(.bss..L_MergedGlobals)
    sigma_g                                  0x20000054   Data           4  main.o(.bss..L_MergedGlobals)
    slope_g                                  0x20000058   Data           4  main.o(.bss..L_MergedGlobals)
    sum_x                                    0x20000060   Data           8  main.o(.bss..L_MergedGlobals)
    sum_x_sq                                 0x20000068   Data           8  main.o(.bss..L_MergedGlobals)
    huart1                                   0x20000074   Data         148  usart.o(.bss.huart1)
    huart2                                   0x20000108   Data         148  usart.o(.bss.huart2)
    readings_buffer                          0x2000019c   Data         128  main.o(.bss.readings_buffer)
    uwTick                                   0x2000021c   Data           4  stm32c0xx_hal.o(.bss.uwTick)
    __initial_sp                             0x20000620   Data           0  startup_stm32c071xx.o(STACK)



==============================================================================

Memory Map of the image

  Image Entry point : 0x080000c1

  Load Region LR_IROM1 (Base: 0x08000000, Size: 0x00003da8, Max: 0x00020000, ABSOLUTE)

    Execution Region ER_IROM1 (Exec base: 0x08000000, Load base: 0x08000000, Size: 0x00003d6c, Max: 0x00020000, ABSOLUTE)

    Exec Addr    Load Addr    Size         Type   Attr      Idx    E Section Name        Object

    0x08000000   0x08000000   0x000000c0   Data   RO            3    RESET               startup_stm32c071xx.o
    0x080000c0   0x080000c0   0x00000000   Code   RO          796  * .ARM.Collect$$$$00000000  mc_p.l(entry.o)
    0x080000c0   0x080000c0   0x00000004   Code   RO         1140    .ARM.Collect$$$$00000001  mc_p.l(entry2.o)
    0x080000c4   0x080000c4   0x00000004   Code   RO         1143    .ARM.Collect$$$$00000004  mc_p.l(entry5.o)
    0x080000c8   0x080000c8   0x00000000   Code   RO         1145    .ARM.Collect$$$$00000008  mc_p.l(entry7b.o)
    0x080000c8   0x080000c8   0x00000000   Code   RO         1147    .ARM.Collect$$$$0000000A  mc_p.l(entry8b.o)
    0x080000c8   0x080000c8   0x00000008   Code   RO         1148    .ARM.Collect$$$$0000000B  mc_p.l(entry9a.o)
    0x080000d0   0x080000d0   0x00000000   Code   RO         1150    .ARM.Collect$$$$0000000D  mc_p.l(entry10a.o)
    0x080000d0   0x080000d0   0x00000000   Code   RO         1152    .ARM.Collect$$$$0000000F  mc_p.l(entry11a.o)
    0x080000d0   0x080000d0   0x00000004   Code   RO         1141    .ARM.Collect$$$$00002712  mc_p.l(entry2.o)
    0x080000d4   0x080000d4   0x0000001c   Code   RO            4    .text               startup_stm32c071xx.o
    0x080000f0   0x080000f0   0x0000004c   Code   RO          809    .text               mc_p.l(ldiv.o)
    0x0800013c   0x0800013c   0x00000030   Code   RO          811    .text               mc_p.l(llmul.o)
    0x0800016c   0x0800016c   0x000000b2   Code   RO         1120    .text               mf_p.l(fadd.o)
    0x0800021e   0x0800021e   0x0000007a   Code   RO         1122    .text               mf_p.l(fmul.o)
    0x08000298   0x08000298   0x0000007c   Code   RO         1124    .text               mf_p.l(fdiv.o)
    0x08000314   0x08000314   0x0000001c   Code   RO         1126    .text               mf_p.l(fcmple.o)
    0x08000330   0x08000330   0x0000001c   Code   RO         1128    .text               mf_p.l(fcmpge.o)
    0x0800034c   0x0800034c   0x0000001c   Code   RO         1130    .text               mf_p.l(fcmpeq.o)
    0x08000368   0x08000368   0x00000016   Code   RO         1132    .text               mf_p.l(fflti.o)
    0x0800037e   0x0800037e   0x0000002c   Code   RO         1134    .text               mf_p.l(ffltl.o)
    0x080003aa   0x080003aa   0x00000032   Code   RO         1136    .text               mf_p.l(ffixi.o)
    0x080003dc   0x080003dc   0x00000028   Code   RO         1138    .text               mf_p.l(f2d.o)
    0x08000404   0x08000404   0x0000003e   Code   RO         1159    .text               mc_p.l(uidiv_div0.o)
    0x08000442   0x08000442   0x00000060   Code   RO         1165    .text               mc_p.l(uldiv.o)
    0x080004a2   0x080004a2   0x00000000   Code   RO         1178    .text               mc_p.l(iusefp.o)
    0x080004a2   0x080004a2   0x00000082   Code   RO         1179    .text               mf_p.l(fepilogue.o)
    0x08000524   0x08000524   0x00000058   Code   RO         1181    .text               mf_p.l(fsqrt.o)
    0x0800057c   0x0800057c   0x00000164   Code   RO         1183    .text               mf_p.l(dadd.o)
    0x080006e0   0x080006e0   0x000000d0   Code   RO         1185    .text               mf_p.l(dmul.o)
    0x080007b0   0x080007b0   0x000000f0   Code   RO         1187    .text               mf_p.l(ddiv.o)
    0x080008a0   0x080008a0   0x00000040   Code   RO         1189    .text               mf_p.l(dfixul.o)
    0x080008e0   0x080008e0   0x00000028   Code   RO         1191    .text               mf_p.l(cdrcmple.o)
    0x08000908   0x08000908   0x00000030   Code   RO         1193    .text               mc_p.l(init.o)
    0x08000938   0x08000938   0x00000020   Code   RO         1195    .text               mc_p.l(llshl.o)
    0x08000958   0x08000958   0x00000022   Code   RO         1197    .text               mc_p.l(llushr.o)
    0x0800097a   0x0800097a   0x00000026   Code   RO         1199    .text               mc_p.l(llsshr.o)
    0x080009a0   0x080009a0   0x000000be   Code   RO         1203    .text               mf_p.l(depilogue.o)
    0x08000a5e   0x08000a5e   0x00000002   PAD
    0x08000a60   0x08000a60   0x000000dc   Code   RO           19    .text.ADS1232_ConvertToGrams  ads1232_driver.o
    0x08000b3c   0x08000b3c   0x00000028   Code   RO           11    .text.ADS1232_Init  ads1232_driver.o
    0x08000b64   0x08000b64   0x0000013e   Code   RO           13    .text.ADS1232_Read  ads1232_driver.o
    0x08000ca2   0x08000ca2   0x00000042   Code   RO           15    .text.ADS1232_Read_Median_of_3  ads1232_driver.o
    0x08000ce4   0x08000ce4   0x00000174   Code   RO           17    .text.ADS1232_Tare  ads1232_driver.o
    0x08000e58   0x08000e58   0x00000594   Code   RO           69    .text.Calculate_Statistics  main.o
    0x080013ec   0x080013ec   0x0000001c   Code   RO           71    .text.Error_Handler  main.o
    0x08001408   0x08001408   0x00000070   Code   RO          456    .text.HAL_DMA_Abort  stm32c0xx_hal_dma.o
    0x08001478   0x08001478   0x0000007c   Code   RO          458    .text.HAL_DMA_Abort_IT  stm32c0xx_hal_dma.o
    0x080014f4   0x080014f4   0x00000020   Code   RO          197    .text.HAL_Delay     stm32c0xx_hal.o
    0x08001514   0x08001514   0x00000190   Code   RO          420    .text.HAL_GPIO_Init  stm32c0xx_hal_gpio.o
    0x080016a4   0x080016a4   0x0000000a   Code   RO          424    .text.HAL_GPIO_ReadPin  stm32c0xx_hal_gpio.o
    0x080016ae   0x080016ae   0x00000010   Code   RO          430    .text.HAL_GPIO_TogglePin  stm32c0xx_hal_gpio.o
    0x080016be   0x080016be   0x00000010   Code   RO          426    .text.HAL_GPIO_WritePin  stm32c0xx_hal_gpio.o
    0x080016ce   0x080016ce   0x00000002   PAD
    0x080016d0   0x080016d0   0x00000008   Code   RO          189    .text.HAL_GetTick   stm32c0xx_hal.o
    0x080016d8   0x080016d8   0x00000014   Code   RO          187    .text.HAL_IncTick   stm32c0xx_hal.o
    0x080016ec   0x080016ec   0x00000018   Code   RO          177    .text.HAL_Init      stm32c0xx_hal.o
    0x08001704   0x08001704   0x00000044   Code   RO          179    .text.HAL_InitTick  stm32c0xx_hal.o
    0x08001748   0x08001748   0x0000002c   Code   RO          138    .text.HAL_MspInit   stm32c0xx_hal_msp.o
    0x08001774   0x08001774   0x00000018   Code   RO          243    .text.HAL_NVIC_EnableIRQ  stm32c0xx_hal_cortex.o
    0x0800178c   0x0800178c   0x00000038   Code   RO          241    .text.HAL_NVIC_SetPriority  stm32c0xx_hal_cortex.o
    0x080017c4   0x080017c4   0x00000144   Code   RO          321    .text.HAL_RCCEx_PeriphCLKConfig  stm32c0xx_hal_rcc_ex.o
    0x08001908   0x08001908   0x000001dc   Code   RO          287    .text.HAL_RCC_ClockConfig  stm32c0xx_hal_rcc.o
    0x08001ae4   0x08001ae4   0x00000090   Code   RO          295    .text.HAL_RCC_GetPCLK1Freq  stm32c0xx_hal_rcc.o
    0x08001b74   0x08001b74   0x00000070   Code   RO          289    .text.HAL_RCC_GetSysClockFreq  stm32c0xx_hal_rcc.o
    0x08001be4   0x08001be4   0x000002b8   Code   RO          285    .text.HAL_RCC_OscConfig  stm32c0xx_hal_rcc.o
    0x08001e9c   0x08001e9c   0x00000034   Code   RO          249    .text.HAL_SYSTICK_Config  stm32c0xx_hal_cortex.o
    0x08001ed0   0x08001ed0   0x00000036   Code   RO          755    .text.HAL_UARTEx_DisableFifoMode  stm32c0xx_hal_uart_ex.o
    0x08001f06   0x08001f06   0x00000002   Code   RO          684    .text.HAL_UARTEx_RxEventCallback  stm32c0xx_hal_uart.o
    0x08001f08   0x08001f08   0x00000002   Code   RO          741    .text.HAL_UARTEx_RxFifoFullCallback  stm32c0xx_hal_uart_ex.o
    0x08001f0a   0x08001f0a   0x00000002   PAD
    0x08001f0c   0x08001f0c   0x00000080   Code   RO          759    .text.HAL_UARTEx_SetRxFifoThreshold  stm32c0xx_hal_uart_ex.o
    0x08001f8c   0x08001f8c   0x00000088   Code   RO          757    .text.HAL_UARTEx_SetTxFifoThreshold  stm32c0xx_hal_uart_ex.o
    0x08002014   0x08002014   0x00000002   Code   RO          743    .text.HAL_UARTEx_TxFifoEmptyCallback  stm32c0xx_hal_uart_ex.o
    0x08002016   0x08002016   0x00000002   Code   RO          739    .text.HAL_UARTEx_WakeupCallback  stm32c0xx_hal_uart_ex.o
    0x08002018   0x08002018   0x00000002   Code   RO          682    .text.HAL_UART_ErrorCallback  stm32c0xx_hal_uart.o
    0x0800201a   0x0800201a   0x00000002   PAD
    0x0800201c   0x0800201c   0x00000480   Code   RO          678    .text.HAL_UART_IRQHandler  stm32c0xx_hal_uart.o
    0x0800249c   0x0800249c   0x00000070   Code   RO          594    .text.HAL_UART_Init  stm32c0xx_hal_uart.o
    0x0800250c   0x0800250c   0x000000b8   Code   RO          103    .text.HAL_UART_MspInit  usart.o
    0x080025c4   0x080025c4   0x00000190   Code   RO          614    .text.HAL_UART_Transmit  stm32c0xx_hal_uart.o
    0x08002754   0x08002754   0x00000002   Code   RO          686    .text.HAL_UART_TxCpltCallback  stm32c0xx_hal_uart.o
    0x08002756   0x08002756   0x00000002   Code   RO          119    .text.HardFault_Handler  stm32c0xx_it.o
    0x08002758   0x08002758   0x000000d0   Code   RO           91    .text.MX_GPIO_Init  gpio.o
    0x08002828   0x08002828   0x00000068   Code   RO           99    .text.MX_USART1_UART_Init  usart.o
    0x08002890   0x08002890   0x00000068   Code   RO          101    .text.MX_USART2_UART_Init  usart.o
    0x080028f8   0x080028f8   0x00000002   Code   RO          117    .text.NMI_Handler   stm32c0xx_it.o
    0x080028fa   0x080028fa   0x00000002   Code   RO          123    .text.PendSV_Handler  stm32c0xx_it.o
    0x080028fc   0x080028fc   0x00000002   Code   RO          121    .text.SVC_Handler   stm32c0xx_it.o
    0x080028fe   0x080028fe   0x00000008   Code   RO          125    .text.SysTick_Handler  stm32c0xx_it.o
    0x08002906   0x08002906   0x00000002   PAD
    0x08002908   0x08002908   0x00000094   Code   RO           67    .text.SystemClock_Config  main.o
    0x0800299c   0x0800299c   0x00000010   Code   RO          778    .text.SystemInit    system_stm32c0xx.o
    0x080029ac   0x080029ac   0x000000d2   Code   RO          598    .text.UART_AdvFeatureConfig  stm32c0xx_hal_uart.o
    0x08002a7e   0x08002a7e   0x00000002   PAD
    0x08002a80   0x08002a80   0x000000d0   Code   RO          602    .text.UART_CheckIdleState  stm32c0xx_hal_uart.o
    0x08002b50   0x08002b50   0x00000010   Code   RO          680    .text.UART_DMAAbortOnError  stm32c0xx_hal_uart.o
    0x08002b60   0x08002b60   0x00000184   Code   RO          600    .text.UART_SetConfig  stm32c0xx_hal_uart.o
    0x08002ce4   0x08002ce4   0x000001c4   Code   RO          616    .text.UART_WaitOnFlagUntilTimeout  stm32c0xx_hal_uart.o
    0x08002ea8   0x08002ea8   0x00000010   Code   RO          127    .text.USART1_IRQHandler  stm32c0xx_it.o
    0x08002eb8   0x08002eb8   0x0000000c   Code   RO          129    .text.USART2_IRQHandler  stm32c0xx_it.o
    0x08002ec4   0x08002ec4   0x0000001c   Code   RO           61    .text.fputc         main.o
    0x08002ee0   0x08002ee0   0x00000418   Code   RO           65    .text.main          main.o
    0x080032f8   0x080032f8   0x00000020   Code   RO         1086    i.__0printf         mc_p.l(printfa.o)
    0x08003318   0x08003318   0x0000002e   Code   RO         1205    i.__ARM_clz         mf_p.l(depilogue.o)
    0x08003346   0x08003346   0x0000000e   Code   RO         1209    i.__scatterload_copy  mc_p.l(handlers.o)
    0x08003354   0x08003354   0x00000002   Code   RO         1210    i.__scatterload_null  mc_p.l(handlers.o)
    0x08003356   0x08003356   0x0000000e   Code   RO         1211    i.__scatterload_zeroinit  mc_p.l(handlers.o)
    0x08003364   0x08003364   0x0000000c   Code   RO         1171    i.__set_errno       mc_p.l(errno.o)
    0x08003370   0x08003370   0x00000174   Code   RO         1093    i._fp_digits        mc_p.l(printfa.o)
    0x080034e4   0x080034e4   0x000006ec   Code   RO         1094    i._printf_core      mc_p.l(printfa.o)
    0x08003bd0   0x08003bd0   0x00000020   Code   RO         1095    i._printf_post_padding  mc_p.l(printfa.o)
    0x08003bf0   0x08003bf0   0x0000002c   Code   RO         1096    i._printf_pre_padding  mc_p.l(printfa.o)
    0x08003c1c   0x08003c1c   0x00000020   Code   RO          799    i.puts              mc_p.l(puts.o)
    0x08003c3c   0x08003c3c   0x0000002c   Code   RO          793    i.sqrtf             m_ps.l(sqrtf.o)
    0x08003c68   0x08003c68   0x00000040   Data   RO          783    .rodata.AHBPrescTable  system_stm32c0xx.o
    0x08003ca8   0x08003ca8   0x00000020   Data   RO          784    .rodata.APBPrescTable  system_stm32c0xx.o
    0x08003cc8   0x08003cc8   0x00000018   Data   RO          728    .rodata.UARTPrescTable  stm32c0xx_hal_uart.o
    0x08003ce0   0x08003ce0   0x00000010   Data   RO          769    .rodata.cst8        stm32c0xx_hal_uart_ex.o
    0x08003cf0   0x08003cf0   0x00000021   Data   RO           27    .rodata.str1.1      ads1232_driver.o
    0x08003d11   0x08003d11   0x0000003a   Data   RO           80    .rodata.str1.1      main.o
    0x08003d4b   0x08003d4b   0x00000001   PAD
    0x08003d4c   0x08003d4c   0x00000020   Data   RO         1208    Region$$Table       anon$$obj.o


    Execution Region RW_IRAM1 (Exec base: 0x20000000, Load base: 0x08003d70, Size: 0x00000620, Max: 0x00006000, ABSOLUTE)

    Exec Addr    Load Addr    Size         Type   Attr      Idx    E Section Name        Object

    0x20000000   0x08003d70   0x00000004   Data   RW         1154    .data               mc_p.l(stdout.o)
    0x20000004   0x08003d74   0x00000004   Data   RW         1172    .data               mc_p.l(errno.o)
    0x20000008   0x08003d78   0x00000008   Data   RW          232    .data..L_MergedGlobals  stm32c0xx_hal.o
    0x20000010   0x08003d80   0x00000004   Data   RW          782    .data.SystemCoreClock  system_stm32c0xx.o
    0x20000014   0x08003d84   0x00000020   Data   RW           25    .data.cal_points    ads1232_driver.o
    0x20000034   0x08003da4   0x00000004   PAD
    0x20000038        -       0x00000038   Zero   RW           82    .bss..L_MergedGlobals  main.o
    0x20000070        -       0x00000004   Zero   RW           26    .bss.adc_offset     ads1232_driver.o
    0x20000074        -       0x00000094   Zero   RW          107    .bss.huart1         usart.o
    0x20000108        -       0x00000094   Zero   RW          108    .bss.huart2         usart.o
    0x2000019c        -       0x00000080   Zero   RW           77    .bss.readings_buffer  main.o
    0x2000021c        -       0x00000004   Zero   RW          231    .bss.uwTick         stm32c0xx_hal.o
    0x20000220        -       0x00000400   Zero   RW            1    STACK               startup_stm32c071xx.o


==============================================================================

Image component sizes


      Code (inc. data)   RO Data    RW Data    ZI Data      Debug   Object Name

      1016        152         33         32          4       6013   ads1232_driver.o
       208          8          0          0          0       2048   gpio.o
      2680        212         58          0        184      10254   main.o
        28          8        192          0       1024        632   startup_stm32c071xx.o
       152          8          0          8          4       6740   stm32c0xx_hal.o
       132         24          0          0          0       6940   stm32c0xx_hal_cortex.o
       236          8          0          0          0       9354   stm32c0xx_hal_dma.o
       442         16          0          0          0       5168   stm32c0xx_hal_gpio.o
        44          4          0          0          0       1351   stm32c0xx_hal_msp.o
      1428         68          0          0          0       8578   stm32c0xx_hal_rcc.o
       324          8          0          0          0       7710   stm32c0xx_hal_rcc_ex.o
      2944        100         24          0          0      50342   stm32c0xx_hal_uart.o
       324          8         16          0          0      12231   stm32c0xx_hal_uart_ex.o
        44          4          0          0          0       1225   stm32c0xx_it.o
        16          4         96          4          0       2123   system_stm32c0xx.o
       392         16          0          0        296       7029   usart.o

    ----------------------------------------------------------------------
     10420        648        452         44       1516     137738   Object Totals
         0          0         32          0          0          0   (incl. Generated)
        10          0          1          0          4          0   (incl. Padding)

    ----------------------------------------------------------------------

      Code (inc. data)   RO Data    RW Data    ZI Data      Debug   Library Member Name

        44          0          0          0          0         72   sqrtf.o
         0          0          0          0          0          0   entry.o
         0          0          0          0          0          0   entry10a.o
         0          0          0          0          0          0   entry11a.o
         8          4          0          0          0          0   entry2.o
         4          0          0          0          0          0   entry5.o
         0          0          0          0          0          0   entry7b.o
         0          0          0          0          0          0   entry8b.o
         8          4          0          0          0          0   entry9a.o
        12          6          0          4          0         60   errno.o
        30          0          0          0          0          0   handlers.o
        48         10          0          0          0         68   init.o
         0          0          0          0          0          0   iusefp.o
        76          0          0          0          0         76   ldiv.o
        48          0          0          0          0         72   llmul.o
        32          0          0          0          0         68   llshl.o
        38          0          0          0          0         68   llsshr.o
        34          0          0          0          0         68   llushr.o
      2252         98          0          0          0        412   printfa.o
        32          4          0          0          0         68   puts.o
         0          0          0          4          0          0   stdout.o
        62          0          0          0          0         72   uidiv_div0.o
        96          0          0          0          0         84   uldiv.o
        40          2          0          0          0         68   cdrcmple.o
       356          4          0          0          0        140   dadd.o
       240          6          0          0          0         84   ddiv.o
       236          0          0          0          0        216   depilogue.o
        64         10          0          0          0         68   dfixul.o
       208          6          0          0          0         88   dmul.o
        40          0          0          0          0         60   f2d.o
       178          0          0          0          0        108   fadd.o
        28          0          0          0          0         60   fcmpeq.o
        28          0          0          0          0         60   fcmpge.o
        28          0          0          0          0         60   fcmple.o
       124          0          0          0          0         72   fdiv.o
       130          0          0          0          0        144   fepilogue.o
        50          0          0          0          0         60   ffixi.o
        22          0          0          0          0         68   fflti.o
        44          0          0          0          0         72   ffltl.o
       122          0          0          0          0         72   fmul.o
        88          0          0          0          0         72   fsqrt.o

    ----------------------------------------------------------------------
      4852        154          0          8          0       2760   Library Totals
         2          0          0          0          0          0   (incl. Padding)

    ----------------------------------------------------------------------

      Code (inc. data)   RO Data    RW Data    ZI Data      Debug   Library Name

        44          0          0          0          0         72   m_ps.l
      2780        126          0          8          0       1116   mc_p.l
      2026         28          0          0          0       1572   mf_p.l

    ----------------------------------------------------------------------
      4852        154          0          8          0       2760   Library Totals

    ----------------------------------------------------------------------

==============================================================================


      Code (inc. data)   RO Data    RW Data    ZI Data      Debug   

     15272        802        452         52       1516     138954   Grand Totals
     15272        802        452         52       1516     138954   ELF Image Totals
     15272        802        452         52          0          0   ROM Totals

==============================================================================

    Total RO  Size (Code + RO Data)                15724 (  15.36kB)
    Total RW  Size (RW Data + ZI Data)              1568 (   1.53kB)
    Total ROM Size (Code + RO Data + RW Data)      15776 (  15.41kB)

==============================================================================

